<html>
<body>
<pre>
<h1>礦ision Build Log</h1>
<h2>Project:</h2>
E:\FY\项目\2018项目\20181021贵州项目\smart home20181017MINIdos_GPRSV1.1\USER\STM32-DEMO.uvproj
Project File Date:  10/17/2018

<h2>Output:</h2>
Build target 'ucos-c8t6'
compiling app.c...
linking...
Program Size: Code=18592 RO-data=612 RW-data=812 ZI-data=5348  
FromELF: creating hex file...
"..\Output\STM32-DEMO.axf" - 0 Errors, 0 Warning(s).
Build target 'ucos-c8t6'
compiling app.c...
linking...
Program Size: Code=18592 RO-data=612 RW-data=812 ZI-data=5348  
FromELF: creating hex file...
"..\Output\STM32-DEMO.axf" - 0 Errors, 0 Warning(s).
Rebuild target 'ucos-c8t6'
assembling startup_stm32f10x_hd.s...
compiling main.c...
compiling stm32f10x_it.c...
compiling stm32f10x_gpio.c...
compiling stm32f10x_rcc.c...
compiling misc.c...
compiling stm32f10x_usart.c...
compiling stm32f10x_adc.c...
compiling stm32f10x_dma.c...
compiling core_cm3.c...
compiling system_stm32f10x.c...
compiling BSP.c...
compiling led.c...
compiling ds18b20.c...
compiling delay.c...
compiling ntctemp.c...
compiling dht11.c...
compiling wdg.c...
compiling app.c...
compiling usart.c...
compiling os_core.c...
compiling os_flag.c...
compiling os_mbox.c...
compiling os_mem.c...
compiling os_mutex.c...
compiling os_q.c...
compiling os_sem.c...
compiling os_task.c...
compiling os_time.c...
compiling os_tmr.c...
assembling os_cpu_a.asm...
compiling os_cpu_c.c...
compiling os_dbg.c...
compiling bujin.c...
linking...
Program Size: Code=18592 RO-data=612 RW-data=812 ZI-data=5348  
FromELF: creating hex file...
"..\Output\STM32-DEMO.axf" - 0 Errors, 0 Warning(s).
Build target 'ucos-c8t6'
compiling app.c...
linking...
Program Size: Code=18632 RO-data=612 RW-data=812 ZI-data=5348  
FromELF: creating hex file...
"..\Output\STM32-DEMO.axf" - 0 Errors, 0 Warning(s).
Rebuild target 'ucos-c8t6'
assembling startup_stm32f10x_hd.s...
compiling main.c...
compiling stm32f10x_it.c...
compiling stm32f10x_gpio.c...
compiling stm32f10x_rcc.c...
compiling misc.c...
compiling stm32f10x_usart.c...
compiling stm32f10x_adc.c...
compiling stm32f10x_dma.c...
compiling core_cm3.c...
compiling system_stm32f10x.c...
compiling BSP.c...
compiling led.c...
compiling ds18b20.c...
compiling delay.c...
compiling ntctemp.c...
compiling dht11.c...
compiling wdg.c...
compiling app.c...
compiling usart.c...
compiling os_core.c...
compiling os_flag.c...
compiling os_mbox.c...
compiling os_mem.c...
compiling os_mutex.c...
compiling os_q.c...
compiling os_sem.c...
compiling os_task.c...
compiling os_time.c...
compiling os_tmr.c...
assembling os_cpu_a.asm...
compiling os_cpu_c.c...
compiling os_dbg.c...
compiling bujin.c...
linking...
Program Size: Code=18632 RO-data=612 RW-data=812 ZI-data=5348  
FromELF: creating hex file...
"..\Output\STM32-DEMO-20181208.axf" - 0 Errors, 0 Warning(s).
Rebuild target 'ucos-c8t6'
assembling startup_stm32f10x_hd.s...
compiling main.c...
compiling stm32f10x_it.c...
compiling stm32f10x_gpio.c...
compiling stm32f10x_rcc.c...
compiling misc.c...
compiling stm32f10x_usart.c...
compiling stm32f10x_adc.c...
compiling stm32f10x_dma.c...
compiling core_cm3.c...
compiling system_stm32f10x.c...
compiling BSP.c...
compiling led.c...
compiling ds18b20.c...
compiling delay.c...
compiling ntctemp.c...
compiling dht11.c...
compiling wdg.c...
compiling app.c...
compiling usart.c...
compiling os_core.c...
compiling os_flag.c...
compiling os_mbox.c...
compiling os_mem.c...
compiling os_mutex.c...
compiling os_q.c...
compiling os_sem.c...
compiling os_task.c...
compiling os_time.c...
compiling os_tmr.c...
assembling os_cpu_a.asm...
compiling os_cpu_c.c...
compiling os_dbg.c...
compiling bujin.c...
linking...
Program Size: Code=18632 RO-data=612 RW-data=812 ZI-data=5348  
FromELF: creating hex file...
"..\Output\STM32-DEMO-20181208.axf" - 0 Errors, 0 Warning(s).
Build target 'ucos-c8t6'
compiling app.c...
linking...
Program Size: Code=18632 RO-data=612 RW-data=812 ZI-data=5348  
FromELF: creating hex file...
"..\Output\STM32-DEMO-20181208.axf" - 0 Errors, 0 Warning(s).
Build target 'ucos-c8t6'
compiling app.c...
linking...
Program Size: Code=18632 RO-data=612 RW-data=804 ZI-data=5348  
FromELF: creating hex file...
"..\Output\STM32-DEMO-20181208.axf" - 0 Errors, 0 Warning(s).
