ARM Linker, 5.03 [Build 76] [MDK-ARM Lite]

==============================================================================

Section Cross References

    startup_stm32f10x_hd.o(RESET) refers to startup_stm32f10x_hd.o(.text) for Reset_Handler
    startup_stm32f10x_hd.o(RESET) refers to os_cpu_a.o(.text) for OS_CPU_PendSVHandler
    startup_stm32f10x_hd.o(RESET) refers to usart.o(.text) for USART1_IRQHandler
    startup_stm32f10x_hd.o(.text) refers to startup_stm32f10x_hd.o(STACK) for __initial_sp
    startup_stm32f10x_hd.o(.text) refers to entry.o(.ARM.Collect$$$$00000000) for __main
    main.o(.text) refers to misc.o(.text) for NVIC_PriorityGroupConfig
    main.o(.text) refers to bsp.o(.text) for JTAG_Set
    main.o(.text) refers to dht11.o(.text) for DHT11_GPIO_Config
    main.o(.text) refers to ntctemp.o(.text) for ADC1_Init
    main.o(.text) refers to usart.o(.text) for USART1_Config
    main.o(.text) refers to rc522_config.o(.text) for RC522_Init
    main.o(.text) refers to rc522_function.o(.text) for PcdReset
    main.o(.text) refers to os_core.o(.text) for OSInit
    main.o(.text) refers to os_task.o(.text) for OSTaskCreate
    main.o(.text) refers to main.o(.bss) for startup_task_stk
    main.o(.text) refers to app.o(.text) for Task_Start
    stm32f10x_gpio.o(.text) refers to stm32f10x_rcc.o(.text) for RCC_APB2PeriphResetCmd
    stm32f10x_rcc.o(.text) refers to stm32f10x_rcc.o(.data) for APBAHBPrescTable
    stm32f10x_usart.o(.text) refers to stm32f10x_rcc.o(.text) for RCC_APB2PeriphResetCmd
    stm32f10x_adc.o(.text) refers to stm32f10x_rcc.o(.text) for RCC_APB2PeriphResetCmd
    bsp.o(.text) refers to system_stm32f10x.o(.text) for SystemInit
    bsp.o(.text) refers to led.o(.text) for LED_GPIO_Config
    bsp.o(.text) refers to system_stm32f10x.o(.constdata) for SystemFrequency
    led.o(.text) refers to stm32f10x_rcc.o(.text) for RCC_APB2PeriphClockCmd
    led.o(.text) refers to stm32f10x_gpio.o(.text) for GPIO_Init
    ntctemp.o(.text) refers to stm32f10x_rcc.o(.text) for RCC_AHBPeriphClockCmd
    ntctemp.o(.text) refers to stm32f10x_gpio.o(.text) for GPIO_Init
    ntctemp.o(.text) refers to stm32f10x_dma.o(.text) for DMA_DeInit
    ntctemp.o(.text) refers to stm32f10x_adc.o(.text) for ADC_Init
    ntctemp.o(.text) refers to ntctemp.o(.data) for ADC_ConvertedValue
    dht11.o(.text) refers to stm32f10x_rcc.o(.text) for RCC_APB2PeriphClockCmd
    dht11.o(.text) refers to stm32f10x_gpio.o(.text) for GPIO_Init
    dht11.o(.text) refers to delay.o(.text) for delay_us
    oled.o(.text) refers to stm32f10x_gpio.o(.text) for GPIO_SetBits
    oled.o(.text) refers to oled.o(.constdata) for F8X16
    oled.o(.text) refers to stm32f10x_rcc.o(.text) for RCC_APB2PeriphClockCmd
    oled.o(.text) refers to oled.o(.data) for Hzk
    rc522_config.o(.text) refers to stm32f10x_rcc.o(.text) for RCC_APB2PeriphClockCmd
    rc522_config.o(.text) refers to stm32f10x_gpio.o(.text) for GPIO_Init
    rc522_function.o(.text) refers to stm32f10x_gpio.o(.text) for GPIO_SetBits
    rc522_function.o(.text) refers to delay.o(.text) for delay_us
    app.o(.text) refers to stm32f10x_gpio.o(.text) for GPIO_ReadInputDataBit
    app.o(.text) refers to delay.o(.text) for delay_ms
    app.o(.text) refers to dht11.o(.text) for Read_DHT11
    app.o(.text) refers to bsp.o(.text) for SysTick_init
    app.o(.text) refers to os_time.o(.text) for OSTimeDlyHMSM
    app.o(.text) refers to strstr.o(.text) for strstr
    app.o(.text) refers to printfa.o(i.__0printf) for __2printf
    app.o(.text) refers to usart.o(.text) for USART1_SendData
    app.o(.text) refers to app.o(.data) for KEYB7
    app.o(.text) refers to usart.o(.data) for Flag1
    app.o(.text) refers to app.o(.bss) for rfid_data_buf
    app.o(.text) refers to memseta.o(.text) for __aeabi_memclr
    app.o(.text) refers to strncpy.o(.text) for strncpy
    app.o(.text) refers to wdg.o(.text) for IWDG_Feed
    app.o(.text) refers to rc522_function.o(.text) for PcdRequest
    app.o(.text) refers to printfa.o(i.__0sprintf) for __2sprintf
    app.o(.text) refers to os_task.o(.text) for OSTaskCreate
    app.o(.text) refers to ntctemp.o(.text) for ADCGet
    app.o(.text) refers to dfltui.o(.text) for __aeabi_ui2d
    app.o(.text) refers to ddiv.o(.text) for __aeabi_ddiv
    app.o(.text) refers to dadd.o(.text) for __aeabi_dadd
    app.o(.text) refers to d2f.o(.text) for __aeabi_d2f
    app.o(.text) refers to f2d.o(.text) for __aeabi_f2d
    usart.o(.text) refers to stm32f10x_rcc.o(.text) for RCC_APB2PeriphClockCmd
    usart.o(.text) refers to stm32f10x_gpio.o(.text) for GPIO_Init
    usart.o(.text) refers to misc.o(.text) for NVIC_Init
    usart.o(.text) refers to stm32f10x_usart.o(.text) for USART_Init
    usart.o(.text) refers to usart.o(.data) for RxCounter
    os_core.o(.text) refers to os_cpu_a.o(.text) for OS_CPU_SR_Save
    os_core.o(.text) refers to os_task.o(.text) for OSTaskStkChk
[...]
    printf7.o(i.__0vsnprintf$7) refers to printf7.o(i._snputc) for _snputc
    printf7.o(i.__0vsprintf$7) refers to printf7.o(i._printf_core) for _printf_core
    printf7.o(i.__0vsprintf$7) refers to printf7.o(i._sputc) for _sputc
    printf7.o(i._printf_core) refers to printf7.o(i._printf_pre_padding) for _printf_pre_padding
    printf7.o(i._printf_core) refers to uldiv.o(.text) for __aeabi_uldivmod
    printf7.o(i._printf_core) refers to printf7.o(i._printf_post_padding) for _printf_post_padding
    printf8.o(i.__0fprintf$8) refers to printf8.o(i._printf_core) for _printf_core
    printf8.o(i.__0fprintf$8) refers to usart.o(.text) for fputc
    printf8.o(i.__0printf$8) refers to printf8.o(i._printf_core) for _printf_core
    printf8.o(i.__0printf$8) refers to usart.o(.text) for fputc
    printf8.o(i.__0printf$8) refers to usart.o(.data) for __stdout
    printf8.o(i.__0snprintf$8) refers to printf8.o(i._printf_core) for _printf_core
    printf8.o(i.__0snprintf$8) refers to printf8.o(i._snputc) for _snputc
    printf8.o(i.__0sprintf$8) refers to printf8.o(i._printf_core) for _printf_core
    printf8.o(i.__0sprintf$8) refers to printf8.o(i._sputc) for _sputc
    printf8.o(i.__0vfprintf$8) refers to printf8.o(i._printf_core) for _printf_core
    printf8.o(i.__0vfprintf$8) refers to usart.o(.text) for fputc
    printf8.o(i.__0vprintf$8) refers to printf8.o(i._printf_core) for _printf_core
    printf8.o(i.__0vprintf$8) refers to usart.o(.text) for fputc
    printf8.o(i.__0vprintf$8) refers to usart.o(.data) for __stdout
    printf8.o(i.__0vsnprintf$8) refers to printf8.o(i._printf_core) for _printf_core
    printf8.o(i.__0vsnprintf$8) refers to printf8.o(i._snputc) for _snputc
    printf8.o(i.__0vsprintf$8) refers to printf8.o(i._printf_core) for _printf_core
    printf8.o(i.__0vsprintf$8) refers to printf8.o(i._sputc) for _sputc
    printf8.o(i._printf_core) refers to printf8.o(i._printf_pre_padding) for _printf_pre_padding
    printf8.o(i._printf_core) refers to uldiv.o(.text) for __aeabi_uldivmod
    printf8.o(i._printf_core) refers to printf8.o(i._printf_post_padding) for _printf_post_padding
    printfa.o(i.__0fprintf) refers (Special) to iusefp.o(.text) for __I$use$fp
    printfa.o(i.__0fprintf) refers to printfa.o(i._printf_core) for _printf_core
    printfa.o(i.__0fprintf) refers to usart.o(.text) for fputc
    printfa.o(i.__0printf) refers (Special) to iusefp.o(.text) for __I$use$fp
    printfa.o(i.__0printf) refers to printfa.o(i._printf_core) for _printf_core
    printfa.o(i.__0printf) refers to usart.o(.text) for fputc
    printfa.o(i.__0printf) refers to usart.o(.data) for __stdout
    printfa.o(i.__0snprintf) refers (Special) to iusefp.o(.text) for __I$use$fp
    printfa.o(i.__0snprintf) refers to printfa.o(i._printf_core) for _printf_core
    printfa.o(i.__0snprintf) refers to printfa.o(i._snputc) for _snputc
    printfa.o(i.__0sprintf) refers (Special) to iusefp.o(.text) for __I$use$fp
    printfa.o(i.__0sprintf) refers to printfa.o(i._printf_core) for _printf_core
    printfa.o(i.__0sprintf) refers to printfa.o(i._sputc) for _sputc
    printfa.o(i.__0vfprintf) refers (Special) to iusefp.o(.text) for __I$use$fp
    printfa.o(i.__0vfprintf) refers to printfa.o(i._printf_core) for _printf_core
    printfa.o(i.__0vfprintf) refers to usart.o(.text) for fputc
    printfa.o(i.__0vprintf) refers (Special) to iusefp.o(.text) for __I$use$fp
    printfa.o(i.__0vprintf) refers to printfa.o(i._printf_core) for _printf_core
    printfa.o(i.__0vprintf) refers to usart.o(.text) for fputc
    printfa.o(i.__0vprintf) refers to usart.o(.data) for __stdout
    printfa.o(i.__0vsnprintf) refers (Special) to iusefp.o(.text) for __I$use$fp
    printfa.o(i.__0vsnprintf) refers to printfa.o(i._printf_core) for _printf_core
    printfa.o(i.__0vsnprintf) refers to printfa.o(i._snputc) for _snputc
    printfa.o(i.__0vsprintf) refers (Special) to iusefp.o(.text) for __I$use$fp
    printfa.o(i.__0vsprintf) refers to printfa.o(i._printf_core) for _printf_core
    printfa.o(i.__0vsprintf) refers to printfa.o(i._sputc) for _sputc
    printfa.o(i._fp_digits) refers (Special) to iusefp.o(.text) for __I$use$fp
    printfa.o(i._fp_digits) refers to dmul.o(.text) for __aeabi_dmul
    printfa.o(i._fp_digits) refers to ddiv.o(.text) for __aeabi_ddiv
    printfa.o(i._fp_digits) refers to cdrcmple.o(.text) for __aeabi_cdrcmple
    printfa.o(i._fp_digits) refers to dadd.o(.text) for __aeabi_dadd
    printfa.o(i._fp_digits) refers to dfixul.o(.text) for __aeabi_d2ulz
    printfa.o(i._fp_digits) refers to uldiv.o(.text) for __aeabi_uldivmod
    printfa.o(i._printf_core) refers (Special) to iusefp.o(.text) for __I$use$fp
    printfa.o(i._printf_core) refers to printfa.o(i._printf_pre_padding) for _printf_pre_padding
    printfa.o(i._printf_core) refers to uldiv.o(.text) for __aeabi_uldivmod
    printfa.o(i._printf_core) refers to printfa.o(i._printf_post_padding) for _printf_post_padding
    printfa.o(i._printf_core) refers to printfa.o(i._fp_digits) for _fp_digits
    printfa.o(i._printf_core) refers to uidiv.o(.text) for __aeabi_uidivmod
    printfa.o(i._printf_post_padding) refers (Special) to iusefp.o(.text) for __I$use$fp
    printfa.o(i._printf_pre_padding) refers (Special) to iusefp.o(.text) for __I$use$fp
    printfa.o(i._snputc) refers (Special) to iusefp.o(.text) for __I$use$fp
    printfa.o(i._sputc) refers (Special) to iusefp.o(.text) for __I$use$fp
    dadd.o(.text) refers (Special) to iusefp.o(.text) for __I$use$fp
    dadd.o(.text) refers to llshl.o(.text) for __aeabi_llsl
    dadd.o(.text) refers to llsshr.o(.text) for __aeabi_lasr
    dadd.o(.text) refers to depilogue.o(.text) for _double_epilogue
    ddiv.o(.text) refers (Special) to iusefp.o(.text) for __I$use$fp
    ddiv.o(.text) refers to depilogue.o(.text) for _double_round
    dfltui.o(.text) refers (Special) to iusefp.o(.text) for __I$use$fp
    dfltui.o(.text) refers to depilogue.o(.text) for _double_epilogue
    f2d.o(.text) refers (Special) to iusefp.o(.text) for __I$use$fp
    d2f.o(.text) refers (Special) to iusefp.o(.text) for __I$use$fp
    d2f.o(.text) refers to fepilogue.o(.text) for _float_round
    entry2.o(.ARM.Collect$$$$00000001) refers to entry2.o(.ARM.Collect$$$$00002712) for __lit__00000000
    entry2.o(.ARM.Collect$$$$00002712) refers to startup_stm32f10x_hd.o(STACK) for __initial_sp
    entry2.o(__vectab_stack_and_reset_area) refers to startup_stm32f10x_hd.o(STACK) for __initial_sp
    entry2.o(__vectab_stack_and_reset_area) refers to entry.o(.ARM.Collect$$$$00000000) for __main
    entry5.o(.ARM.Collect$$$$00000004) refers to init.o(.text) for __scatterload
    entry9a.o(.ARM.Collect$$$$0000000B) refers to main.o(.text) for main
    entry9b.o(.ARM.Collect$$$$0000000C) refers to main.o(.text) for main
    uldiv.o(.text) refers to llushr.o(.text) for __aeabi_llsr
    uldiv.o(.text) refers to llshl.o(.text) for __aeabi_llsl
    depilogue.o(.text) refers to llshl.o(.text) for __aeabi_llsl
    depilogue.o(.text) refers to llushr.o(.text) for __aeabi_llsr
    dmul.o(.text) refers to depilogue.o(.text) for _double_epilogue
    dfixul.o(.text) refers to llushr.o(.text) for __aeabi_llsr
    dfixul.o(.text) refers to llshl.o(.text) for __aeabi_llsl
    init.o(.text) refers to entry5.o(.ARM.Collect$$$$00000004) for __main_after_scatterload


==============================================================================

Removing Unused input sections from the image.

    Removing startup_stm32f10x_hd.o(HEAP), (0 bytes).
    Removing ntctemp.o(.bss), (2564 bytes).
    Removing oled.o(.text), (1512 bytes).
    Removing oled.o(.constdata), (2072 bytes).
    Removing oled.o(.data), (896 bytes).
    Removing os_sem.o(.text), (1032 bytes).

6 unused section(s) (total 8076 bytes) removed from the image.

==============================================================================

Image Symbol Table

    Local Symbols

    Symbol Name                              Value     Ov Type        Size  Object(Section)

    ../clib/../cmprslib/zerorunl2.c          0x00000000   Number         0  __dczerorl2.o ABSOLUTE
    ../clib/microlib/division.c              0x00000000   Number         0  uidiv.o ABSOLUTE
    ../clib/microlib/division.c              0x00000000   Number         0  uldiv.o ABSOLUTE
    ../clib/microlib/init/entry.s            0x00000000   Number         0  entry9a.o ABSOLUTE
    ../clib/microlib/init/entry.s            0x00000000   Number         0  entry11b.o ABSOLUTE
    ../clib/microlib/init/entry.s            0x00000000   Number         0  entry11a.o ABSOLUTE
    ../clib/microlib/init/entry.s            0x00000000   Number         0  entry10b.o ABSOLUTE
    ../clib/microlib/init/entry.s            0x00000000   Number         0  entry10a.o ABSOLUTE
    ../clib/microlib/init/entry.s            0x00000000   Number         0  entry9b.o ABSOLUTE
    ../clib/microlib/init/entry.s            0x00000000   Number         0  entry2.o ABSOLUTE
    ../clib/microlib/init/entry.s            0x00000000   Number         0  entry8b.o ABSOLUTE
    ../clib/microlib/init/entry.s            0x00000000   Number         0  entry8a.o ABSOLUTE
    ../clib/microlib/init/entry.s            0x00000000   Number         0  entry7b.o ABSOLUTE
    ../clib/microlib/init/entry.s            0x00000000   Number         0  entry7a.o ABSOLUTE
    ../clib/microlib/init/entry.s            0x00000000   Number         0  entry5.o ABSOLUTE
    ../clib/microlib/init/entry.s            0x00000000   Number         0  entry.o ABSOLUTE
    ../clib/microlib/longlong.c              0x00000000   Number         0  llushr.o ABSOLUTE
    ../clib/microlib/longlong.c              0x00000000   Number         0  llsshr.o ABSOLUTE
    ../clib/microlib/longlong.c              0x00000000   Number         0  llshl.o ABSOLUTE
    ../clib/microlib/printf/printf.c         0x00000000   Number         0  printfb.o ABSOLUTE
    ../clib/microlib/printf/printf.c         0x00000000   Number         0  printf0.o ABSOLUTE
    ../clib/microlib/printf/printf.c         0x00000000   Number         0  printf2.o ABSOLUTE
    ../clib/microlib/printf/printf.c         0x00000000   Number         0  printf3.o ABSOLUTE
    ../clib/microlib/printf/printf.c         0x00000000   Number         0  printf4.o ABSOLUTE
    ../clib/microlib/printf/printf.c         0x00000000   Number         0  printf1.o ABSOLUTE
    ../clib/microlib/printf/printf.c         0x00000000   Number         0  printfa.o ABSOLUTE
    ../clib/microlib/printf/printf.c         0x00000000   Number         0  printf8.o ABSOLUTE
    ../clib/microlib/printf/printf.c         0x00000000   Number         0  printf7.o ABSOLUTE
    ../clib/microlib/printf/printf.c         0x00000000   Number         0  printf6.o ABSOLUTE
    ../clib/microlib/printf/printf.c         0x00000000   Number         0  printf5.o ABSOLUTE
    ../clib/microlib/printf/stubs.s          0x00000000   Number         0  stubs.o ABSOLUTE
    ../clib/microlib/string/memset.c         0x00000000   Number         0  memseta.o ABSOLUTE
    ../clib/microlib/string/strncpy.c        0x00000000   Number         0  strncpy.o ABSOLUTE
    ../clib/microlib/string/strstr.c         0x00000000   Number         0  strstr.o ABSOLUTE
    ../clib/microlib/stubs.s                 0x00000000   Number         0  iusefp.o ABSOLUTE
    ../clib/microlib/stubs.s                 0x00000000   Number         0  useno.o ABSOLUTE
    ../fplib/microlib/d2f.c                  0x00000000   Number         0  d2f.o ABSOLUTE
    ../fplib/microlib/f2d.c                  0x00000000   Number         0  f2d.o ABSOLUTE
    ../fplib/microlib/fpadd.c                0x00000000   Number         0  dadd.o ABSOLUTE
    ../fplib/microlib/fpdiv.c                0x00000000   Number         0  ddiv.o ABSOLUTE
    ../fplib/microlib/fpepilogue.c           0x00000000   Number         0  depilogue.o ABSOLUTE
    ../fplib/microlib/fpepilogue.c           0x00000000   Number         0  fepilogue.o ABSOLUTE
    ../fplib/microlib/fpfix.c                0x00000000   Number         0  dfixul.o ABSOLUTE
    ../fplib/microlib/fpflt.c                0x00000000   Number         0  dfltui.o ABSOLUTE
    ../fplib/microlib/fpmul.c                0x00000000   Number         0  dmul.o ABSOLUTE
    ..\APP\app.c                             0x00000000   Number         0  app.o ABSOLUTE
    ..\APP\usart\usart.c                     0x00000000   Number         0  usart.o ABSOLUTE
    ..\BSP\BSP.c                             0x00000000   Number         0  bsp.o ABSOLUTE
    ..\BSP\RC522\rc522_config.c              0x00000000   Number         0  rc522_config.o ABSOLUTE
    ..\BSP\RC522\rc522_function.c            0x00000000   Number         0  rc522_function.o ABSOLUTE
    ..\BSP\WDG\wdg.c                         0x00000000   Number         0  wdg.o ABSOLUTE
    ..\BSP\delay.c                           0x00000000   Number         0  delay.o ABSOLUTE
    ..\BSP\dht11.c                           0x00000000   Number         0  dht11.o ABSOLUTE
    ..\BSP\led.c                             0x00000000   Number         0  led.o ABSOLUTE
    ..\BSP\ntctemp.c                         0x00000000   Number         0  ntctemp.o ABSOLUTE
    ..\BSP\oled\oled.c                       0x00000000   Number         0  oled.o ABSOLUTE
    ..\CMSIS\startup\startup_stm32f10x_hd.s  0x00000000   Number         0  startup_stm32f10x_hd.o ABSOLUTE
    ..\CMSIS\system_stm32f10x.c              0x00000000   Number         0  system_stm32f10x.o ABSOLUTE
    ..\FWlib\src\misc.c                      0x00000000   Number         0  misc.o ABSOLUTE
    ..\FWlib\src\stm32f10x_adc.c             0x00000000   Number         0  stm32f10x_adc.o ABSOLUTE
    ..\FWlib\src\stm32f10x_dma.c             0x00000000   Number         0  stm32f10x_dma.o ABSOLUTE
    ..\FWlib\src\stm32f10x_gpio.c            0x00000000   Number         0  stm32f10x_gpio.o ABSOLUTE
    ..\FWlib\src\stm32f10x_rcc.c             0x00000000   Number         0  stm32f10x_rcc.o ABSOLUTE
    ..\FWlib\src\stm32f10x_usart.c           0x00000000   Number         0  stm32f10x_usart.o ABSOLUTE
    ..\uCOS-II\Ports\os_cpu_a.asm            0x00000000   Number         0  os_cpu_a.o ABSOLUTE
    ..\uCOS-II\Ports\os_cpu_c.c              0x00000000   Number         0  os_cpu_c.o ABSOLUTE
    ..\uCOS-II\Source\os_core.c              0x00000000   Number         0  os_core.o ABSOLUTE
    ..\uCOS-II\Source\os_flag.c              0x00000000   Number         0  os_flag.o ABSOLUTE
    ..\uCOS-II\Source\os_mbox.c              0x00000000   Number         0  os_mbox.o ABSOLUTE
    ..\uCOS-II\Source\os_mem.c               0x00000000   Number         0  os_mem.o ABSOLUTE
    ..\uCOS-II\Source\os_mutex.c             0x00000000   Number         0  os_mutex.o ABSOLUTE
    ..\uCOS-II\Source\os_q.c                 0x00000000   Number         0  os_q.o ABSOLUTE
    ..\uCOS-II\Source\os_sem.c               0x00000000   Number         0  os_sem.o ABSOLUTE
    ..\uCOS-II\Source\os_task.c              0x00000000   Number         0  os_task.o ABSOLUTE
    ..\uCOS-II\Source\os_time.c              0x00000000   Number         0  os_time.o ABSOLUTE
    ..\uCOS-II\Source\os_tmr.c               0x00000000   Number         0  os_tmr.o ABSOLUTE
    cdrcmple.s                               0x00000000   Number         0  cdrcmple.o ABSOLUTE
    dc.s                                     0x00000000   Number         0  dc.o ABSOLUTE
    handlers.s                               0x00000000   Number         0  handlers.o ABSOLUTE
    init.s                                   0x00000000   Number         0  init.o ABSOLUTE
    main.c                                   0x00000000   Number         0  main.o ABSOLUTE
    RESET                                    0x08000000   Section      304  startup_stm32f10x_hd.o(RESET)
    .ARM.Collect$$$$00000000                 0x08000130   Section        0  entry.o(.ARM.Collect$$$$00000000)
    .ARM.Collect$$$$00000001                 0x08000130   Section        4  entry2.o(.ARM.Collect$$$$00000001)
    .ARM.Collect$$$$00000004                 0x08000134   Section        4  entry5.o(.ARM.Collect$$$$00000004)
    .ARM.Collect$$$$00000008                 0x08000138   Section        0  entry7b.o(.ARM.Collect$$$$00000008)
    .ARM.Collect$$$$0000000A                 0x08000138   Section        0  entry8b.o(.ARM.Collect$$$$0000000A)
    .ARM.Collect$$$$0000000B                 0x08000138   Section        8  entry9a.o(.ARM.Collect$$$$0000000B)
    .ARM.Collect$$$$0000000D                 0x08000140   Section        0  entry10a.o(.ARM.Collect$$$$0000000D)
    .ARM.Collect$$$$0000000F                 0x08000140   Section        0  entry11a.o(.ARM.Collect$$$$0000000F)
    .ARM.Collect$$$$00002712                 0x08000140   Section        4  entry2.o(.ARM.Collect$$$$00002712)
    __lit__00000000                          0x08000140   Data           4  entry2.o(.ARM.Collect$$$$00002712)
    .text                                    0x08000144   Section       48  startup_stm32f10x_hd.o(.text)
    .text                                    0x08000174   Section        0  main.o(.text)
    .text                                    0x080001d4   Section        0  stm32f10x_gpio.o(.text)
    .text                                    0x08000500   Section        0  stm32f10x_rcc.o(.text)
    .text                                    0x080008a0   Section        0  misc.o(.text)
    .text                                    0x0800097c   Section        0  stm32f10x_usart.o(.text)
    .text                                    0x08000cec   Section        0  stm32f10x_adc.o(.text)
    .text                                    0x0800111c   Section        0  stm32f10x_dma.o(.text)
    .text                                    0x08001358   Section        0  system_stm32f10x.o(.text)
    SetSysClockTo72                          0x08001359   Thumb Code   218  system_stm32f10x.o(.text)
    SetSysClock                              0x08001433   Thumb Code     8  system_stm32f10x.o(.text)
    .text                                    0x08001490   Section        0  bsp.o(.text)
    .text                                    0x0800152c   Section        0  led.o(.text)
    .text                                    0x08001640   Section        0  delay.o(.text)
    .text                                    0x08001684   Section        0  ntctemp.o(.text)
    .text                                    0x0800181c   Section        0  dht11.o(.text)
    DHT11_Mode_IPU                           0x08001849   Thumb Code    24  dht11.o(.text)
    DHT11_Mode_Out_PP                        0x08001861   Thumb Code    28  dht11.o(.text)
    Read_Byte                                0x0800187d   Thumb Code    90  dht11.o(.text)
    .text                                    0x08001974   Section        0  wdg.o(.text)
    .text                                    0x080019a0   Section        0  rc522_config.o(.text)
    RC522_SPI_Config                         0x080019a1   Thumb Code   168  rc522_config.o(.text)
    .text                                    0x08001a64   Section        0  rc522_function.o(.text)
    .text                                    0x08002130   Section        0  app.o(.text)
    .text                                    0x08003284   Section        0  usart.o(.text)
    .text                                    0x080035fc   Section        0  os_core.o(.text)
    OS_InitTaskStat                          0x080037df   Thumb Code    52  os_core.o(.text)
    OS_InitTaskIdle                          0x08003833   Thumb Code    52  os_core.o(.text)
    OS_InitEventList                         0x08003879   Thumb Code    70  os_core.o(.text)
    OS_InitTCBList                           0x080038bf   Thumb Code    86  os_core.o(.text)
    OS_InitRdyList                           0x08003915   Thumb Code    46  os_core.o(.text)
    OS_InitMisc                              0x08003943   Thumb Code    44  os_core.o(.text)
    OS_SchedNew                              0x080039af   Thumb Code    26  os_core.o(.text)
    .text                                    0x08003fa8   Section        0  os_task.o(.text)
    .text                                    0x080047d0   Section        0  os_time.o(.text)
    .text                                    0x080049c8   Section      164  os_cpu_a.o(.text)
    .text                                    0x08004a6c   Section        0  os_cpu_c.o(.text)
    .text                                    0x08004b18   Section        0  memseta.o(.text)
    .text                                    0x08004b3c   Section        0  strstr.o(.text)
    .text                                    0x08004b60   Section        0  strncpy.o(.text)
    .text                                    0x08004b78   Section        0  dadd.o(.text)
    .text                                    0x08004cc6   Section        0  ddiv.o(.text)
    .text                                    0x08004da4   Section        0  dfltui.o(.text)
    .text                                    0x08004dbe   Section        0  f2d.o(.text)
    .text                                    0x08004de4   Section        0  d2f.o(.text)
    .text                                    0x08004e1c   Section        0  uidiv.o(.text)
    .text                                    0x08004e48   Section        0  uldiv.o(.text)
    .text                                    0x08004eaa   Section        0  llshl.o(.text)
    .text                                    0x08004ec8   Section        0  llsshr.o(.text)
    .text                                    0x08004eec   Section        0  iusefp.o(.text)
    .text                                    0x08004eec   Section        0  fepilogue.o(.text)
    .text                                    0x08004f58   Section        0  depilogue.o(.text)
    .text                                    0x08005016   Section        0  dmul.o(.text)
    .text                                    0x080050fa   Section        0  dfixul.o(.text)
    .text                                    0x0800512c   Section       40  cdrcmple.o(.text)
    .text                                    0x08005154   Section       36  init.o(.text)
    .text                                    0x08005178   Section        0  llushr.o(.text)
    .text                                    0x08005198   Section        0  __dczerorl2.o(.text)
    i.__0printf                              0x080051f4   Section        0  printfa.o(i.__0printf)
    i.__0sprintf                             0x08005214   Section        0  printfa.o(i.__0sprintf)
    i.__scatterload_copy                     0x0800523c   Section       14  handlers.o(i.__scatterload_copy)
    i.__scatterload_null                     0x0800524a   Section        2  handlers.o(i.__scatterload_null)
    i.__scatterload_zeroinit                 0x0800524c   Section       14  handlers.o(i.__scatterload_zeroinit)
    i._fp_digits                             0x0800525c   Section        0  printfa.o(i._fp_digits)
    _fp_digits                               0x0800525d   Thumb Code   326  printfa.o(i._fp_digits)
    i._printf_core                           0x080053b8   Section        0  printfa.o(i._printf_core)
    _printf_core                             0x080053b9   Thumb Code  1762  printfa.o(i._printf_core)
    i._printf_post_padding                   0x08005aa8   Section        0  printfa.o(i._printf_post_padding)
    _printf_post_padding                     0x08005aa9   Thumb Code    38  printfa.o(i._printf_post_padding)
    i._printf_pre_padding                    0x08005ace   Section        0  printfa.o(i._printf_pre_padding)
    _printf_pre_padding                      0x08005acf   Thumb Code    48  printfa.o(i._printf_pre_padding)
    i._sputc                                 0x08005afe   Section        0  printfa.o(i._sputc)
    _sputc                                   0x08005aff   Thumb Code    10  printfa.o(i._sputc)
    .constdata                               0x08005b08   Section       20  system_stm32f10x.o(.constdata)
    .constdata                               0x08005b1c   Section      256  os_core.o(.constdata)
    .data                                    0x20000000   Section       20  stm32f10x_rcc.o(.data)
    APBAHBPrescTable                         0x20000000   Data          16  stm32f10x_rcc.o(.data)
    ADCPrescTable                            0x20000010   Data           4  stm32f10x_rcc.o(.data)
    .data                                    0x20000014   Section       12  ntctemp.o(.data)
    .data                                    0x20000020   Section     3259  app.o(.data)
    .data                                    0x20000cdc   Section      311  usart.o(.data)
    .data                                    0x20000e14   Section       60  os_core.o(.data)
    .bss                                     0x20000e50   Section      320  main.o(.bss)
    startup_task_stk                         0x20000e50   Data         320  main.o(.bss)
    .bss                                     0x20000f90   Section     1648  app.o(.bss)
    task_led2_stk                            0x20000fc0   Data         320  app.o(.bss)
    task_led3_stk                            0x20001100   Data         320  app.o(.bss)
    task_led4_stk                            0x20001240   Data         320  app.o(.bss)
    task_led5_stk                            0x20001380   Data         320  app.o(.bss)
    task_wdg6_stk                            0x200014c0   Data         320  app.o(.bss)
    .bss                                     0x20001600   Section     2912  os_core.o(.bss)
    STACK                                    0x20002160   Section      512  startup_stm32f10x_hd.o(STACK)

    Global Symbols

    Symbol Name                              Value     Ov Type        Size  Object(Section)

    BuildAttributes$$THM_ISAv4$P$D$K$B$S$PE$A:L22UL41UL21$X:L11$S22US41US21$IEEE1$IW$USESV6$~STKCKD$USESV7$~SHL$OTIME$ROPI$EBA8$MICROLIB$REQ8$PRES8$EABIv2 0x00000000   Number         0  anon$$obj.o ABSOLUTE
    __ARM_use_no_argv                        0x00000000   Number         0  main.o ABSOLUTE
    __use_no_errno                           0x00000000   Number         0  useno.o ABSOLUTE
    __use_no_exception_handling              0x00000000   Number         0  useno.o ABSOLUTE
    __use_no_fp                              0x00000000   Number         0  useno.o ABSOLUTE
    __use_no_heap                            0x00000000   Number         0  useno.o ABSOLUTE
    __use_no_heap_region                     0x00000000   Number         0  useno.o ABSOLUTE
    __use_no_semihosting                     0x00000000   Number         0  useno.o ABSOLUTE
    __use_no_semihosting_swi                 0x00000000   Number         0  useno.o ABSOLUTE
    __use_no_signal_handling                 0x00000000   Number         0  useno.o ABSOLUTE
    _printf_a                                0x00000000   Number         0  stubs.o ABSOLUTE
    _printf_c                                0x00000000   Number         0  stubs.o ABSOLUTE
    _printf_charcount                        0x00000000   Number         0  stubs.o ABSOLUTE
    _printf_d                                0x00000000   Number         0  stubs.o ABSOLUTE
    _printf_e                                0x00000000   Number         0  stubs.o ABSOLUTE
    _printf_f                                0x00000000   Number         0  stubs.o ABSOLUTE
    _printf_flags                            0x00000000   Number         0  stubs.o ABSOLUTE
    _printf_fp_dec                           0x00000000   Number         0  stubs.o ABSOLUTE
    _printf_fp_hex                           0x00000000   Number         0  stubs.o ABSOLUTE
    _printf_g                                0x00000000   Number         0  stubs.o ABSOLUTE
    _printf_i                                0x00000000   Number         0  stubs.o ABSOLUTE
    _printf_int_dec                          0x00000000   Number         0  stubs.o ABSOLUTE
    _printf_l                                0x00000000   Number         0  stubs.o ABSOLUTE
    _printf_lc                               0x00000000   Number         0  stubs.o ABSOLUTE
    _printf_ll                               0x00000000   Number         0  stubs.o ABSOLUTE
    _printf_lld                              0x00000000   Number         0  stubs.o ABSOLUTE
    _printf_lli                              0x00000000   Number         0  stubs.o ABSOLUTE
    _printf_llo                              0x00000000   Number         0  stubs.o ABSOLUTE
    _printf_llu                              0x00000000   Number         0  stubs.o ABSOLUTE
    _printf_llx                              0x00000000   Number         0  stubs.o ABSOLUTE
    _printf_longlong_dec                     0x00000000   Number         0  stubs.o ABSOLUTE
    _printf_longlong_hex                     0x00000000   Number         0  stubs.o ABSOLUTE
    _printf_longlong_oct                     0x00000000   Number         0  stubs.o ABSOLUTE
    _printf_ls                               0x00000000   Number         0  stubs.o ABSOLUTE
    _printf_mbtowc                           0x00000000   Number         0  stubs.o ABSOLUTE
    _printf_n                                0x00000000   Number         0  stubs.o ABSOLUTE
    _printf_o                                0x00000000   Number         0  stubs.o ABSOLUTE
    _printf_p                                0x00000000   Number         0  stubs.o ABSOLUTE
    _printf_percent                          0x00000000   Number         0  stubs.o ABSOLUTE
    _printf_pre_padding                      0x00000000   Number         0  stubs.o ABSOLUTE
    _printf_return_value                     0x00000000   Number         0  stubs.o ABSOLUTE
    _printf_s                                0x00000000   Number         0  stubs.o ABSOLUTE
    _printf_sizespec                         0x00000000   Number         0  stubs.o ABSOLUTE
    _printf_str                              0x00000000   Number         0  stubs.o ABSOLUTE
    _printf_truncate_signed                  0x00000000   Number         0  stubs.o ABSOLUTE
    _printf_truncate_unsigned                0x00000000   Number         0  stubs.o ABSOLUTE
    _printf_u                                0x00000000   Number         0  stubs.o ABSOLUTE
    _printf_wc                               0x00000000   Number         0  stubs.o ABSOLUTE
    _printf_wctomb                           0x00000000   Number         0  stubs.o ABSOLUTE
    _printf_widthprec                        0x00000000   Number         0  stubs.o ABSOLUTE
    _printf_x                                0x00000000   Number         0  stubs.o ABSOLUTE
    __cpp_initialize__aeabi_                  - Undefined Weak Reference
    __cxa_finalize                            - Undefined Weak Reference
    _clock_init                               - Undefined Weak Reference
    _microlib_exit                            - Undefined Weak Reference
    __Vectors_Size                           0x00000130   Number         0  startup_stm32f10x_hd.o ABSOLUTE
    __Vectors                                0x08000000   Data           4  startup_stm32f10x_hd.o(RESET)
    __Vectors_End                            0x08000130   Data           0  startup_stm32f10x_hd.o(RESET)
    __main                                   0x08000131   Thumb Code     0  entry.o(.ARM.Collect$$$$00000000)
    _main_stk                                0x08000131   Thumb Code     0  entry2.o(.ARM.Collect$$$$00000001)
    _main_scatterload                        0x08000135   Thumb Code     0  entry5.o(.ARM.Collect$$$$00000004)
    __main_after_scatterload                 0x08000139   Thumb Code     0  entry5.o(.ARM.Collect$$$$00000004)
    _main_clock                              0x08000139   Thumb Code     0  entry7b.o(.ARM.Collect$$$$00000008)
    _main_cpp_init                           0x08000139   Thumb Code     0  entry8b.o(.ARM.Collect$$$$0000000A)
    _main_init                               0x08000139   Thumb Code     0  entry9a.o(.ARM.Collect$$$$0000000B)
    __rt_final_cpp                           0x08000141   Thumb Code     0  entry10a.o(.ARM.Collect$$$$0000000D)
    __rt_final_exit                          0x08000141   Thumb Code     0  entry11a.o(.ARM.Collect$$$$0000000F)
    SystemInit_ExtMemCtl                     0x08000145   Thumb Code     2  startup_stm32f10x_hd.o(.text)
    Reset_Handler                            0x08000147   Thumb Code    14  startup_stm32f10x_hd.o(.text)
    NMI_Handler                              0x08000155   Thumb Code     2  startup_stm32f10x_hd.o(.text)
    HardFault_Handler                        0x08000157   Thumb Code     2  startup_stm32f10x_hd.o(.text)
    MemManage_Handler                        0x08000159   Thumb Code     2  startup_stm32f10x_hd.o(.text)
    BusFault_Handler                         0x0800015b   Thumb Code     2  startup_stm32f10x_hd.o(.text)
    UsageFault_Handler                       0x0800015d   Thumb Code     2  startup_stm32f10x_hd.o(.text)
    SVC_Handler                              0x0800015f   Thumb Code     2  startup_stm32f10x_hd.o(.text)
    DebugMon_Handler                         0x08000161   Thumb Code     2  startup_stm32f10x_hd.o(.text)
    SysTick_Handler                          0x08000165   Thumb Code     2  startup_stm32f10x_hd.o(.text)
    ADC1_2_IRQHandler                        0x08000167   Thumb Code     0  startup_stm32f10x_hd.o(.text)
    ADC3_IRQHandler                          0x08000167   Thumb Code     0  startup_stm32f10x_hd.o(.text)
    CAN1_RX1_IRQHandler                      0x08000167   Thumb Code     0  startup_stm32f10x_hd.o(.text)
    CAN1_SCE_IRQHandler                      0x08000167   Thumb Code     0  startup_stm32f10x_hd.o(.text)
    DMA1_Channel1_IRQHandler                 0x08000167   Thumb Code     0  startup_stm32f10x_hd.o(.text)
    DMA1_Channel2_IRQHandler                 0x08000167   Thumb Code     0  startup_stm32f10x_hd.o(.text)
    DMA1_Channel3_IRQHandler                 0x08000167   Thumb Code     0  startup_stm32f10x_hd.o(.text)
    DMA1_Channel4_IRQHandler                 0x08000167   Thumb Code     0  startup_stm32f10x_hd.o(.text)
    DMA1_Channel5_IRQHandler                 0x08000167   Thumb Code     0  startup_stm32f10x_hd.o(.text)
    DMA1_Channel6_IRQHandler                 0x08000167   Thumb Code     0  startup_stm32f10x_hd.o(.text)
    DMA1_Channel7_IRQHandler                 0x08000167   Thumb Code     0  startup_stm32f10x_hd.o(.text)
    DMA2_Channel1_IRQHandler                 0x08000167   Thumb Code     0  startup_stm32f10x_hd.o(.text)
    DMA2_Channel2_IRQHandler                 0x08000167   Thumb Code     0  startup_stm32f10x_hd.o(.text)
    DMA2_Channel3_IRQHandler                 0x08000167   Thumb Code     0  startup_stm32f10x_hd.o(.text)
    DMA2_Channel4_5_IRQHandler               0x08000167   Thumb Code     0  startup_stm32f10x_hd.o(.text)
    EXTI0_IRQHandler                         0x08000167   Thumb Code     0  startup_stm32f10x_hd.o(.text)
    EXTI15_10_IRQHandler                     0x08000167   Thumb Code     0  startup_stm32f10x_hd.o(.text)
    EXTI1_IRQHandler                         0x08000167   Thumb Code     0  startup_stm32f10x_hd.o(.text)
    EXTI2_IRQHandler                         0x08000167   Thumb Code     0  startup_stm32f10x_hd.o(.text)
    EXTI3_IRQHandler                         0x08000167   Thumb Code     0  startup_stm32f10x_hd.o(.text)
    EXTI4_IRQHandler                         0x08000167   Thumb Code     0  startup_stm32f10x_hd.o(.text)
    EXTI9_5_IRQHandler                       0x08000167   Thumb Code     0  startup_stm32f10x_hd.o(.text)
    FLASH_IRQHandler                         0x08000167   Thumb Code     0  startup_stm32f10x_hd.o(.text)
    FSMC_IRQHandler                          0x08000167   Thumb Code     0  startup_stm32f10x_hd.o(.text)
    I2C1_ER_IRQHandler                       0x08000167   Thumb Code     0  startup_stm32f10x_hd.o(.text)
    I2C1_EV_IRQHandler                       0x08000167   Thumb Code     0  startup_stm32f10x_hd.o(.text)
    I2C2_ER_IRQHandler                       0x08000167   Thumb Code     0  startup_stm32f10x_hd.o(.text)
    I2C2_EV_IRQHandler                       0x08000167   Thumb Code     0  startup_stm32f10x_hd.o(.text)
    PVD_IRQHandler                           0x08000167   Thumb Code     0  startup_stm32f10x_hd.o(.text)
    RCC_IRQHandler                           0x08000167   Thumb Code     0  startup_stm32f10x_hd.o(.text)
    RTCAlarm_IRQHandler                      0x08000167   Thumb Code     0  startup_stm32f10x_hd.o(.text)
    RTC_IRQHandler                           0x08000167   Thumb Code     0  startup_stm32f10x_hd.o(.text)
    SDIO_IRQHandler                          0x08000167   Thumb Code     0  startup_stm32f10x_hd.o(.text)
    SPI1_IRQHandler                          0x08000167   Thumb Code     0  startup_stm32f10x_hd.o(.text)
    SPI2_IRQHandler                          0x08000167   Thumb Code     0  startup_stm32f10x_hd.o(.text)
    SPI3_IRQHandler                          0x08000167   Thumb Code     0  startup_stm32f10x_hd.o(.text)
    TAMPER_IRQHandler                        0x08000167   Thumb Code     0  startup_stm32f10x_hd.o(.text)
    TIM1_BRK_IRQHandler                      0x08000167   Thumb Code     0  startup_stm32f10x_hd.o(.text)
    TIM1_CC_IRQHandler                       0x08000167   Thumb Code     0  startup_stm32f10x_hd.o(.text)
    TIM1_TRG_COM_IRQHandler                  0x08000167   Thumb Code     0  startup_stm32f10x_hd.o(.text)
    TIM1_UP_IRQHandler                       0x08000167   Thumb Code     0  startup_stm32f10x_hd.o(.text)
    TIM2_IRQHandler                          0x08000167   Thumb Code     0  startup_stm32f10x_hd.o(.text)
    TIM3_IRQHandler                          0x08000167   Thumb Code     0  startup_stm32f10x_hd.o(.text)
    TIM4_IRQHandler                          0x08000167   Thumb Code     0  startup_stm32f10x_hd.o(.text)
    TIM5_IRQHandler                          0x08000167   Thumb Code     0  startup_stm32f10x_hd.o(.text)
    TIM6_IRQHandler                          0x08000167   Thumb Code     0  startup_stm32f10x_hd.o(.text)
    TIM7_IRQHandler                          0x08000167   Thumb Code     0  startup_stm32f10x_hd.o(.text)
    TIM8_BRK_IRQHandler                      0x08000167   Thumb Code     0  startup_stm32f10x_hd.o(.text)
    TIM8_CC_IRQHandler                       0x08000167   Thumb Code     0  startup_stm32f10x_hd.o(.text)
    TIM8_TRG_COM_IRQHandler                  0x08000167   Thumb Code     0  startup_stm32f10x_hd.o(.text)
    TIM8_UP_IRQHandler                       0x08000167   Thumb Code     0  startup_stm32f10x_hd.o(.text)
    UART4_IRQHandler                         0x08000167   Thumb Code     0  startup_stm32f10x_hd.o(.text)
    UART5_IRQHandler                         0x08000167   Thumb Code     0  startup_stm32f10x_hd.o(.text)
    USBWakeUp_IRQHandler                     0x08000167   Thumb Code     0  startup_stm32f10x_hd.o(.text)
    USB_HP_CAN1_TX_IRQHandler                0x08000167   Thumb Code     0  startup_stm32f10x_hd.o(.text)
    USB_LP_CAN1_RX0_IRQHandler               0x08000167   Thumb Code     0  startup_stm32f10x_hd.o(.text)
    WWDG_IRQHandler                          0x08000167   Thumb Code     0  startup_stm32f10x_hd.o(.text)
    NVIC_Configuration                       0x08000175   Thumb Code    12  main.o(.text)
    main                                     0x08000181   Thumb Code    74  main.o(.text)
    GPIO_DeInit                              0x080001d5   Thumb Code   188  stm32f10x_gpio.o(.text)
    GPIO_AFIODeInit                          0x08000291   Thumb Code    20  stm32f10x_gpio.o(.text)
    GPIO_Init                                0x080002a5   Thumb Code   274  stm32f10x_gpio.o(.text)
    GPIO_StructInit                          0x080003b7   Thumb Code    16  stm32f10x_gpio.o(.text)
    GPIO_ReadInputDataBit                    0x080003c7   Thumb Code    18  stm32f10x_gpio.o(.text)
    GPIO_ReadInputData                       0x080003d9   Thumb Code     8  stm32f10x_gpio.o(.text)
    GPIO_ReadOutputDataBit                   0x080003e1   Thumb Code    18  stm32f10x_gpio.o(.text)
    GPIO_ReadOutputData                      0x080003f3   Thumb Code     8  stm32f10x_gpio.o(.text)
    GPIO_SetBits                             0x080003fb   Thumb Code     4  stm32f10x_gpio.o(.text)
    GPIO_ResetBits                           0x080003ff   Thumb Code     4  stm32f10x_gpio.o(.text)
    GPIO_WriteBit                            0x08000403   Thumb Code    10  stm32f10x_gpio.o(.text)
    GPIO_Write                               0x0800040d   Thumb Code     4  stm32f10x_gpio.o(.text)
    GPIO_PinLockConfig                       0x08000411   Thumb Code    18  stm32f10x_gpio.o(.text)
    GPIO_EventOutputConfig                   0x08000423   Thumb Code    26  stm32f10x_gpio.o(.text)
    GPIO_EventOutputCmd                      0x0800043d   Thumb Code     6  stm32f10x_gpio.o(.text)
    GPIO_PinRemapConfig                      0x08000443   Thumb Code   106  stm32f10x_gpio.o(.text)
    GPIO_EXTILineConfig                      0x080004ad   Thumb Code    66  stm32f10x_gpio.o(.text)
    RCC_DeInit                               0x08000501   Thumb Code    62  stm32f10x_rcc.o(.text)
    RCC_HSEConfig                            0x0800053f   Thumb Code    70  stm32f10x_rcc.o(.text)
    RCC_GetFlagStatus                        0x08000585   Thumb Code    56  stm32f10x_rcc.o(.text)
    RCC_WaitForHSEStartUp                    0x080005bd   Thumb Code    54  stm32f10x_rcc.o(.text)
    RCC_AdjustHSICalibrationValue            0x080005f3   Thumb Code    20  stm32f10x_rcc.o(.text)
    RCC_HSICmd                               0x08000607   Thumb Code     6  stm32f10x_rcc.o(.text)
    RCC_PLLConfig                            0x0800060d   Thumb Code    24  stm32f10x_rcc.o(.text)
    RCC_PLLCmd                               0x08000625   Thumb Code     6  stm32f10x_rcc.o(.text)
    RCC_SYSCLKConfig                         0x0800062b   Thumb Code    18  stm32f10x_rcc.o(.text)
    RCC_GetSYSCLKSource                      0x0800063d   Thumb Code    10  stm32f10x_rcc.o(.text)
    RCC_HCLKConfig                           0x08000647   Thumb Code    18  stm32f10x_rcc.o(.text)
    RCC_PCLK1Config                          0x08000659   Thumb Code    18  stm32f10x_rcc.o(.text)
    RCC_PCLK2Config                          0x0800066b   Thumb Code    20  stm32f10x_rcc.o(.text)
    RCC_ITConfig                             0x0800067f   Thumb Code    26  stm32f10x_rcc.o(.text)
    RCC_USBCLKConfig                         0x08000699   Thumb Code     6  stm32f10x_rcc.o(.text)
    RCC_ADCCLKConfig                         0x0800069f   Thumb Code    18  stm32f10x_rcc.o(.text)
    RCC_LSEConfig                            0x080006b1   Thumb Code    44  stm32f10x_rcc.o(.text)
    RCC_LSICmd                               0x080006dd   Thumb Code     6  stm32f10x_rcc.o(.text)
    RCC_RTCCLKConfig                         0x080006e3   Thumb Code    12  stm32f10x_rcc.o(.text)
    RCC_RTCCLKCmd                            0x080006ef   Thumb Code     8  stm32f10x_rcc.o(.text)
    RCC_GetClocksFreq                        0x080006f7   Thumb Code   192  stm32f10x_rcc.o(.text)
    RCC_AHBPeriphClockCmd                    0x080007b7   Thumb Code    26  stm32f10x_rcc.o(.text)
    RCC_APB2PeriphClockCmd                   0x080007d1   Thumb Code    26  stm32f10x_rcc.o(.text)
    RCC_APB1PeriphClockCmd                   0x080007eb   Thumb Code    26  stm32f10x_rcc.o(.text)
    RCC_APB2PeriphResetCmd                   0x08000805   Thumb Code    26  stm32f10x_rcc.o(.text)
    RCC_APB1PeriphResetCmd                   0x0800081f   Thumb Code    26  stm32f10x_rcc.o(.text)
    RCC_BackupResetCmd                       0x08000839   Thumb Code     8  stm32f10x_rcc.o(.text)
    RCC_ClockSecuritySystemCmd               0x08000841   Thumb Code     6  stm32f10x_rcc.o(.text)
    RCC_MCOConfig                            0x08000847   Thumb Code     6  stm32f10x_rcc.o(.text)
    RCC_ClearFlag                            0x0800084d   Thumb Code    14  stm32f10x_rcc.o(.text)
    RCC_GetITStatus                          0x0800085b   Thumb Code    20  stm32f10x_rcc.o(.text)
    RCC_ClearITPendingBit                    0x0800086f   Thumb Code     6  stm32f10x_rcc.o(.text)
    NVIC_PriorityGroupConfig                 0x080008a1   Thumb Code    10  misc.o(.text)
    NVIC_Init                                0x080008ab   Thumb Code   102  misc.o(.text)
    NVIC_SetVectorTable                      0x08000911   Thumb Code    14  misc.o(.text)
    NVIC_SystemLPConfig                      0x0800091f   Thumb Code    34  misc.o(.text)
    SysTick_CLKSourceConfig                  0x08000941   Thumb Code    40  misc.o(.text)
    USART_DeInit                             0x0800097d   Thumb Code   146  stm32f10x_usart.o(.text)
    USART_Init                               0x08000a0f   Thumb Code   150  stm32f10x_usart.o(.text)
    USART_StructInit                         0x08000aa5   Thumb Code    24  stm32f10x_usart.o(.text)
    USART_ClockInit                          0x08000abd   Thumb Code    34  stm32f10x_usart.o(.text)
    USART_ClockStructInit                    0x08000adf   Thumb Code    12  stm32f10x_usart.o(.text)
    USART_Cmd                                0x08000aeb   Thumb Code    24  stm32f10x_usart.o(.text)
    USART_ITConfig                           0x08000b03   Thumb Code    64  stm32f10x_usart.o(.text)
    USART_DMACmd                             0x08000b43   Thumb Code    18  stm32f10x_usart.o(.text)
    USART_SetAddress                         0x08000b55   Thumb Code    18  stm32f10x_usart.o(.text)
    USART_WakeUpConfig                       0x08000b67   Thumb Code    18  stm32f10x_usart.o(.text)
    USART_ReceiverWakeUpCmd                  0x08000b79   Thumb Code    24  stm32f10x_usart.o(.text)
    USART_LINBreakDetectLengthConfig         0x08000b91   Thumb Code    18  stm32f10x_usart.o(.text)
    USART_LINCmd                             0x08000ba3   Thumb Code    24  stm32f10x_usart.o(.text)
    USART_SendData                           0x08000bbb   Thumb Code     8  stm32f10x_usart.o(.text)
    USART_ReceiveData                        0x08000bc3   Thumb Code    10  stm32f10x_usart.o(.text)
    USART_SendBreak                          0x08000bcd   Thumb Code    10  stm32f10x_usart.o(.text)
    USART_SetGuardTime                       0x08000bd7   Thumb Code    16  stm32f10x_usart.o(.text)
    USART_SetPrescaler                       0x08000be7   Thumb Code    16  stm32f10x_usart.o(.text)
    USART_SmartCardCmd                       0x08000bf7   Thumb Code    24  stm32f10x_usart.o(.text)
    USART_SmartCardNACKCmd                   0x08000c0f   Thumb Code    24  stm32f10x_usart.o(.text)
    USART_HalfDuplexCmd                      0x08000c27   Thumb Code    24  stm32f10x_usart.o(.text)
    USART_IrDAConfig                         0x08000c3f   Thumb Code    18  stm32f10x_usart.o(.text)
    USART_IrDACmd                            0x08000c51   Thumb Code    24  stm32f10x_usart.o(.text)
    USART_GetFlagStatus                      0x08000c69   Thumb Code    18  stm32f10x_usart.o(.text)
    USART_ClearFlag                          0x08000c7b   Thumb Code     6  stm32f10x_usart.o(.text)
    USART_GetITStatus                        0x08000c81   Thumb Code    76  stm32f10x_usart.o(.text)
    USART_ClearITPendingBit                  0x08000ccd   Thumb Code    20  stm32f10x_usart.o(.text)
    ADC_DeInit                               0x08000ced   Thumb Code    90  stm32f10x_adc.o(.text)
    ADC_Init                                 0x08000d47   Thumb Code    70  stm32f10x_adc.o(.text)
    ADC_StructInit                           0x08000d8d   Thumb Code    18  stm32f10x_adc.o(.text)
    ADC_Cmd                                  0x08000d9f   Thumb Code    22  stm32f10x_adc.o(.text)
    ADC_DMACmd                               0x08000db5   Thumb Code    22  stm32f10x_adc.o(.text)
    ADC_ITConfig                             0x08000dcb   Thumb Code    24  stm32f10x_adc.o(.text)
    ADC_ResetCalibration                     0x08000de3   Thumb Code    10  stm32f10x_adc.o(.text)
    ADC_GetResetCalibrationStatus            0x08000ded   Thumb Code    20  stm32f10x_adc.o(.text)
    ADC_StartCalibration                     0x08000e01   Thumb Code    10  stm32f10x_adc.o(.text)
    ADC_GetCalibrationStatus                 0x08000e0b   Thumb Code    20  stm32f10x_adc.o(.text)
    ADC_SoftwareStartConvCmd                 0x08000e1f   Thumb Code    22  stm32f10x_adc.o(.text)
    ADC_GetSoftwareStartConvStatus           0x08000e35   Thumb Code    20  stm32f10x_adc.o(.text)
    ADC_DiscModeChannelCountConfig           0x08000e49   Thumb Code    24  stm32f10x_adc.o(.text)
    ADC_DiscModeCmd                          0x08000e61   Thumb Code    22  stm32f10x_adc.o(.text)
    ADC_RegularChannelConfig                 0x08000e77   Thumb Code   184  stm32f10x_adc.o(.text)
    ADC_ExternalTrigConvCmd                  0x08000f2f   Thumb Code    22  stm32f10x_adc.o(.text)
    ADC_GetConversionValue                   0x08000f45   Thumb Code     8  stm32f10x_adc.o(.text)
    ADC_GetDualModeConversionValue           0x08000f4d   Thumb Code     6  stm32f10x_adc.o(.text)
    ADC_AutoInjectedConvCmd                  0x08000f53   Thumb Code    22  stm32f10x_adc.o(.text)
    ADC_InjectedDiscModeCmd                  0x08000f69   Thumb Code    22  stm32f10x_adc.o(.text)
    ADC_ExternalTrigInjectedConvConfig       0x08000f7f   Thumb Code    16  stm32f10x_adc.o(.text)
    ADC_ExternalTrigInjectedConvCmd          0x08000f8f   Thumb Code    22  stm32f10x_adc.o(.text)
    ADC_SoftwareStartInjectedConvCmd         0x08000fa5   Thumb Code    22  stm32f10x_adc.o(.text)
    ADC_GetSoftwareStartInjectedConvCmdStatus 0x08000fbb   Thumb Code    20  stm32f10x_adc.o(.text)
    ADC_InjectedChannelConfig                0x08000fcf   Thumb Code   130  stm32f10x_adc.o(.text)
    ADC_InjectedSequencerLengthConfig        0x08001051   Thumb Code    24  stm32f10x_adc.o(.text)
    ADC_SetInjectedOffset                    0x08001069   Thumb Code     4  stm32f10x_adc.o(.text)
    ADC_GetInjectedConversionValue           0x0800106d   Thumb Code    10  stm32f10x_adc.o(.text)
    ADC_AnalogWatchdogCmd                    0x08001077   Thumb Code    16  stm32f10x_adc.o(.text)
    ADC_AnalogWatchdogThresholdsConfig       0x08001087   Thumb Code     6  stm32f10x_adc.o(.text)
    ADC_AnalogWatchdogSingleChannelConfig    0x0800108d   Thumb Code    16  stm32f10x_adc.o(.text)
    ADC_TempSensorVrefintCmd                 0x0800109d   Thumb Code    38  stm32f10x_adc.o(.text)
    ADC_GetFlagStatus                        0x080010c3   Thumb Code    38  stm32f10x_adc.o(.text)
    ADC_ClearFlag                            0x080010e9   Thumb Code     6  stm32f10x_adc.o(.text)
    ADC_GetITStatus                          0x080010ef   Thumb Code    36  stm32f10x_adc.o(.text)
    ADC_ClearITPendingBit                    0x08001113   Thumb Code    10  stm32f10x_adc.o(.text)
    DMA_DeInit                               0x0800111d   Thumb Code   306  stm32f10x_dma.o(.text)
    DMA_Init                                 0x0800124f   Thumb Code    60  stm32f10x_dma.o(.text)
    DMA_StructInit                           0x0800128b   Thumb Code    26  stm32f10x_dma.o(.text)
    DMA_Cmd                                  0x080012a5   Thumb Code    22  stm32f10x_dma.o(.text)
    DMA_ITConfig                             0x080012bb   Thumb Code    18  stm32f10x_dma.o(.text)
    DMA_GetCurrDataCounter                   0x080012cd   Thumb Code     8  stm32f10x_dma.o(.text)
    DMA_GetFlagStatus                        0x080012d5   Thumb Code    38  stm32f10x_dma.o(.text)
    DMA_ClearFlag                            0x080012fb   Thumb Code    20  stm32f10x_dma.o(.text)
    DMA_GetITStatus                          0x0800130f   Thumb Code    38  stm32f10x_dma.o(.text)
    DMA_ClearITPendingBit                    0x08001335   Thumb Code    20  stm32f10x_dma.o(.text)
    SystemInit                               0x0800143b   Thumb Code    68  system_stm32f10x.o(.text)
    BSP_Init                                 0x08001491   Thumb Code    12  bsp.o(.text)
    JTAG_Set                                 0x0800149d   Thumb Code    38  bsp.o(.text)
    SysTick_init                             0x080014c3   Thumb Code    84  bsp.o(.text)
    LED_GPIO_Config                          0x0800152d   Thumb Code   264  led.o(.text)
    delay_us                                 0x08001641   Thumb Code    28  delay.o(.text)
    delay_ms                                 0x0800165d   Thumb Code    40  delay.o(.text)
    ADC1_Init                                0x08001685   Thumb Code   362  ntctemp.o(.text)
    ADCGet                                   0x080017ef   Thumb Code    24  ntctemp.o(.text)
    DHT11_GPIO_Config                        0x0800181d   Thumb Code    44  dht11.o(.text)
    Read_DHT11                               0x080018d7   Thumb Code   154  dht11.o(.text)
    IWDG_Init                                0x08001975   Thumb Code    28  wdg.o(.text)
    IWDG_Feed                                0x08001991   Thumb Code    10  wdg.o(.text)
    RC522_Init                               0x08001a49   Thumb Code    24  rc522_config.o(.text)
    SPI_RC522_SendByte                       0x08001a65   Thumb Code    80  rc522_function.o(.text)
    SPI_RC522_ReadByte                       0x08001ab5   Thumb Code    72  rc522_function.o(.text)
    ReadRawRC                                0x08001afd   Thumb Code    46  rc522_function.o(.text)
    WriteRawRC                               0x08001b2b   Thumb Code    42  rc522_function.o(.text)
    SetBitMask                               0x08001b55   Thumb Code    26  rc522_function.o(.text)
    ClearBitMask                             0x08001b6f   Thumb Code    26  rc522_function.o(.text)
    PcdAntennaOn                             0x08001b89   Thumb Code    26  rc522_function.o(.text)
    PcdAntennaOff                            0x08001ba3   Thumb Code    12  rc522_function.o(.text)
    PcdReset                                 0x08001baf   Thumb Code   122  rc522_function.o(.text)
    M500PcdConfigISOType                     0x08001c29   Thumb Code    84  rc522_function.o(.text)
    PcdComMF522                              0x08001c7d   Thumb Code   304  rc522_function.o(.text)
    PcdRequest                               0x08001dad   Thumb Code    86  rc522_function.o(.text)
    PcdAnticoll                              0x08001e03   Thumb Code   120  rc522_function.o(.text)
    CalulateCRC                              0x08001e7b   Thumb Code   106  rc522_function.o(.text)
    PcdSelect                                0x08001ee5   Thumb Code   114  rc522_function.o(.text)
    PcdAuthState                             0x08001f57   Thumb Code   112  rc522_function.o(.text)
    PcdWrite                                 0x08001fc7   Thumb Code   152  rc522_function.o(.text)
    PcdRead                                  0x0800205f   Thumb Code    86  rc522_function.o(.text)
    PcdHalt                                  0x080020b5   Thumb Code    50  rc522_function.o(.text)
    IC_CMT                                   0x080020e7   Thumb Code    72  rc522_function.o(.text)
    infrared_Scan                            0x08002131   Thumb Code   120  app.o(.text)
    DHT11_SCAN                               0x080021a9   Thumb Code    10  app.o(.text)
    Task_LED2                                0x080021b3   Thumb Code  2942  app.o(.text)
    Task_3                                   0x08002d31   Thumb Code    94  app.o(.text)
    Task_5                                   0x08002d8f   Thumb Code    82  app.o(.text)
    Task_wdg6                                0x08002de1   Thumb Code    26  app.o(.text)
    IC_test                                  0x08002dfb   Thumb Code   222  app.o(.text)
    wifi_start                               0x08002ed9   Thumb Code   330  app.o(.text)
    Task_4                                   0x08003023   Thumb Code    90  app.o(.text)
    Task_Start                               0x0800307d   Thumb Code   318  app.o(.text)
    _sys_exit                                0x08003285   Thumb Code     4  usart.o(.text)
    fputc                                    0x08003289   Thumb Code    22  usart.o(.text)
    USART1_Config                            0x0800329f   Thumb Code   154  usart.o(.text)
    USART2_Config                            0x08003339   Thumb Code   182  usart.o(.text)
    USART3_Config                            0x080033ef   Thumb Code   186  usart.o(.text)
    USART1_IRQHandler                        0x080034a9   Thumb Code    64  usart.o(.text)
    USART2_IRQHandler                        0x080034e9   Thumb Code    64  usart.o(.text)
    USART3_IRQHandler                        0x08003529   Thumb Code    64  usart.o(.text)
    USART1_SendData                          0x08003569   Thumb Code    16  usart.o(.text)
    Usart1_Puts                              0x08003579   Thumb Code    38  usart.o(.text)
    Usart2_Puts                              0x0800359f   Thumb Code    38  usart.o(.text)
    OS_StrCopy                               0x080035fd   Thumb Code    28  os_core.o(.text)
    OSEventNameGet                           0x08003619   Thumb Code   126  os_core.o(.text)
    OS_StrLen                                0x08003697   Thumb Code    20  os_core.o(.text)
    OSEventNameSet                           0x080036ab   Thumb Code   140  os_core.o(.text)
    OS_TaskStatStkChk                        0x08003737   Thumb Code    54  os_core.o(.text)
    OS_TaskStat                              0x0800376d   Thumb Code   114  os_core.o(.text)
    OS_TaskIdle                              0x08003813   Thumb Code    32  os_core.o(.text)
    OS_MemClr                                0x08003867   Thumb Code    18  os_core.o(.text)
    OSInit                                   0x0800396f   Thumb Code    36  os_core.o(.text)
    OSIntEnter                               0x08003993   Thumb Code    28  os_core.o(.text)
    OSIntExit                                0x080039c9   Thumb Code   256  os_core.o(.text)
    OSSchedLock                              0x08003ac9   Thumb Code    50  os_core.o(.text)
    OS_Sched                                 0x08003afb   Thumb Code    86  os_core.o(.text)
    OSSchedUnlock                            0x08003b51   Thumb Code    84  os_core.o(.text)
    OSStart                                  0x08003ba5   Thumb Code    48  os_core.o(.text)
    OSStatInit                               0x08003bd5   Thumb Code    62  os_core.o(.text)
    OSTimeTick                               0x08003c13   Thumb Code   220  os_core.o(.text)
    OSVersion                                0x08003cef   Thumb Code     6  os_core.o(.text)
    OS_Dummy                                 0x08003cf5   Thumb Code     2  os_core.o(.text)
    OS_EventTaskRemove                       0x08003cf7   Thumb Code    42  os_core.o(.text)
    OS_EventTaskRdy                          0x08003d21   Thumb Code   116  os_core.o(.text)
    OS_EventTaskWait                         0x08003d95   Thumb Code   112  os_core.o(.text)
    OS_EventWaitListInit                     0x08003e05   Thumb Code    28  os_core.o(.text)
    OS_MemCopy                               0x08003e21   Thumb Code    20  os_core.o(.text)
    OS_TCBInit                               0x08003e35   Thumb Code   352  os_core.o(.text)
    OSTaskChangePrio                         0x08003fa9   Thumb Code   344  os_task.o(.text)
    OSTaskCreate                             0x08004101   Thumb Code   158  os_task.o(.text)
    OS_TaskStkClr                            0x0800419f   Thumb Code    26  os_task.o(.text)
    OSTaskCreateExt                          0x080041b9   Thumb Code   180  os_task.o(.text)
    OSTaskDel                                0x0800426d   Thumb Code   304  os_task.o(.text)
    OSTaskDelReq                             0x0800439d   Thumb Code   154  os_task.o(.text)
    OSTaskNameGet                            0x08004437   Thumb Code   148  os_task.o(.text)
    OSTaskNameSet                            0x080044cb   Thumb Code   160  os_task.o(.text)
    OSTaskResume                             0x0800456b   Thumb Code   168  os_task.o(.text)
    OSTaskStkChk                             0x08004613   Thumb Code   150  os_task.o(.text)
    OSTaskSuspend                            0x080046a9   Thumb Code   172  os_task.o(.text)
    OSTaskQuery                              0x08004755   Thumb Code   100  os_task.o(.text)
    OSTimeDly                                0x080047d1   Thumb Code    96  os_time.o(.text)
    OSTimeDlyHMSM                            0x08004831   Thumb Code   160  os_time.o(.text)
    OSTimeDlyResume                          0x080048d1   Thumb Code   176  os_time.o(.text)
    OSTimeGet                                0x08004981   Thumb Code    24  os_time.o(.text)
    OSTimeSet                                0x08004999   Thumb Code    24  os_time.o(.text)
    OS_CPU_SR_Save                           0x080049c9   Thumb Code     0  os_cpu_a.o(.text)
    OS_CPU_SR_Restore                        0x080049d1   Thumb Code     0  os_cpu_a.o(.text)
    OSStartHighRdy                           0x080049d7   Thumb Code     0  os_cpu_a.o(.text)
    OSCtxSw                                  0x080049f7   Thumb Code     0  os_cpu_a.o(.text)
    OSIntCtxSw                               0x08004a01   Thumb Code     0  os_cpu_a.o(.text)
    OS_CPU_PendSVHandler                     0x08004a0b   Thumb Code     0  os_cpu_a.o(.text)
    OSInitHookBegin                          0x08004a6d   Thumb Code     2  os_cpu_c.o(.text)
    OSInitHookEnd                            0x08004a6f   Thumb Code     2  os_cpu_c.o(.text)
    OSTaskCreateHook                         0x08004a71   Thumb Code     2  os_cpu_c.o(.text)
    OSTaskDelHook                            0x08004a73   Thumb Code     2  os_cpu_c.o(.text)
    OSTaskIdleHook                           0x08004a75   Thumb Code     2  os_cpu_c.o(.text)
    OSTaskStatHook                           0x08004a77   Thumb Code     2  os_cpu_c.o(.text)
    OSTaskStkInit                            0x08004a79   Thumb Code   154  os_cpu_c.o(.text)
    OSTaskSwHook                             0x08004b13   Thumb Code     2  os_cpu_c.o(.text)
    OSTCBInitHook                            0x08004b15   Thumb Code     2  os_cpu_c.o(.text)
    OSTimeTickHook                           0x08004b17   Thumb Code     2  os_cpu_c.o(.text)
    __aeabi_memset                           0x08004b19   Thumb Code    14  memseta.o(.text)
    __aeabi_memset4                          0x08004b19   Thumb Code     0  memseta.o(.text)
    __aeabi_memset8                          0x08004b19   Thumb Code     0  memseta.o(.text)
    __aeabi_memclr                           0x08004b27   Thumb Code     4  memseta.o(.text)
    __aeabi_memclr4                          0x08004b27   Thumb Code     0  memseta.o(.text)
    __aeabi_memclr8                          0x08004b27   Thumb Code     0  memseta.o(.text)
    _memset$wrapper                          0x08004b2b   Thumb Code    18  memseta.o(.text)
    strstr                                   0x08004b3d   Thumb Code    36  strstr.o(.text)
    strncpy                                  0x08004b61   Thumb Code    24  strncpy.o(.text)
    __aeabi_dadd                             0x08004b79   Thumb Code   322  dadd.o(.text)
    __aeabi_dsub                             0x08004cbb   Thumb Code     6  dadd.o(.text)
    __aeabi_drsub                            0x08004cc1   Thumb Code     6  dadd.o(.text)
    __aeabi_ddiv                             0x08004cc7   Thumb Code   222  ddiv.o(.text)
    __aeabi_ui2d                             0x08004da5   Thumb Code    26  dfltui.o(.text)
    __aeabi_f2d                              0x08004dbf   Thumb Code    38  f2d.o(.text)
    __aeabi_d2f                              0x08004de5   Thumb Code    56  d2f.o(.text)
    __aeabi_uidiv                            0x08004e1d   Thumb Code     0  uidiv.o(.text)
    __aeabi_uidivmod                         0x08004e1d   Thumb Code    44  uidiv.o(.text)
    __aeabi_uldivmod                         0x08004e49   Thumb Code    98  uldiv.o(.text)
    __aeabi_llsl                             0x08004eab   Thumb Code    30  llshl.o(.text)
    _ll_shift_l                              0x08004eab   Thumb Code     0  llshl.o(.text)
    __aeabi_lasr                             0x08004ec9   Thumb Code    36  llsshr.o(.text)
    _ll_sshift_r                             0x08004ec9   Thumb Code     0  llsshr.o(.text)
    __I$use$fp                               0x08004eed   Thumb Code     0  iusefp.o(.text)
    _float_round                             0x08004eed   Thumb Code    18  fepilogue.o(.text)
    _float_epilogue                          0x08004eff   Thumb Code    90  fepilogue.o(.text)
    _double_round                            0x08004f59   Thumb Code    26  depilogue.o(.text)
    _double_epilogue                         0x08004f73   Thumb Code   164  depilogue.o(.text)
    __aeabi_dmul                             0x08005017   Thumb Code   228  dmul.o(.text)
    __aeabi_d2ulz                            0x080050fb   Thumb Code    48  dfixul.o(.text)
    __aeabi_cdrcmple                         0x0800512d   Thumb Code    38  cdrcmple.o(.text)
    __scatterload                            0x08005155   Thumb Code    28  init.o(.text)
    __scatterload_rt2                        0x08005155   Thumb Code     0  init.o(.text)
    __aeabi_llsr                             0x08005179   Thumb Code    32  llushr.o(.text)
    _ll_ushift_r                             0x08005179   Thumb Code     0  llushr.o(.text)
    __decompress                             0x08005199   Thumb Code     0  __dczerorl2.o(.text)
    __decompress1                            0x08005199   Thumb Code    92  __dczerorl2.o(.text)
    __0printf                                0x080051f5   Thumb Code    22  printfa.o(i.__0printf)
    __1printf                                0x080051f5   Thumb Code     0  printfa.o(i.__0printf)
    __2printf                                0x080051f5   Thumb Code     0  printfa.o(i.__0printf)
    __c89printf                              0x080051f5   Thumb Code     0  printfa.o(i.__0printf)
    printf                                   0x080051f5   Thumb Code     0  printfa.o(i.__0printf)
    __0sprintf                               0x08005215   Thumb Code    34  printfa.o(i.__0sprintf)
    __1sprintf                               0x08005215   Thumb Code     0  printfa.o(i.__0sprintf)
    __2sprintf                               0x08005215   Thumb Code     0  printfa.o(i.__0sprintf)
    __c89sprintf                             0x08005215   Thumb Code     0  printfa.o(i.__0sprintf)
    sprintf                                  0x08005215   Thumb Code     0  printfa.o(i.__0sprintf)
    __scatterload_copy                       0x0800523d   Thumb Code    14  handlers.o(i.__scatterload_copy)
    __scatterload_null                       0x0800524b   Thumb Code     2  handlers.o(i.__scatterload_null)
    __scatterload_zeroinit                   0x0800524d   Thumb Code    14  handlers.o(i.__scatterload_zeroinit)
    SystemFrequency                          0x08005b08   Data           4  system_stm32f10x.o(.constdata)
    SystemFrequency_SysClk                   0x08005b0c   Data           4  system_stm32f10x.o(.constdata)
    SystemFrequency_AHBClk                   0x08005b10   Data           4  system_stm32f10x.o(.constdata)
    SystemFrequency_APB1Clk                  0x08005b14   Data           4  system_stm32f10x.o(.constdata)
    SystemFrequency_APB2Clk                  0x08005b18   Data           4  system_stm32f10x.o(.constdata)
    OSUnMapTbl                               0x08005b1c   Data         256  os_core.o(.constdata)
    Region$$Table$$Base                      0x08005c1c   Number         0  anon$$obj.o(Region$$Table)
    Region$$Table$$Limit                     0x08005c3c   Number         0  anon$$obj.o(Region$$Table)
    ADC_BufCnt                               0x20000014   Data           4  ntctemp.o(.data)
    ADC_ConvertedValue                       0x20000018   Data           8  ntctemp.o(.data)
    BMP1                                     0x20000020   Data        1024  app.o(.data)
    BMP2                                     0x20000420   Data         480  app.o(.data)
    BMP3                                     0x20000600   Data         504  app.o(.data)
    TLINK_xlh                                0x200007f8   Data          17  app.o(.data)
    count                                    0x2000080c   Data           4  app.o(.data)
    swstate                                  0x20000810   Data           4  app.o(.data)
    KEYB8                                    0x20000814   Data           4  app.o(.data)
    KEYB9                                    0x20000818   Data           4  app.o(.data)
    KEYB7                                    0x2000081c   Data           4  app.o(.data)
    gps_buf                                  0x20000820   Data          30  app.o(.data)
    GPS_CONFIG                               0x20000840   Data           4  app.o(.data)
    t10_buf                                  0x20000844   Data          30  app.o(.data)
    GGA_buf                                  0x20000862   Data          30  app.o(.data)
    GSA_buf                                  0x20000880   Data          30  app.o(.data)
    GSV_buf                                  0x2000089e   Data          30  app.o(.data)
    GLL_buf                                  0x200008bc   Data          30  app.o(.data)
    VTG_buf                                  0x200008da   Data          30  app.o(.data)
    read_tuwen_buf                           0x200008f8   Data           9  app.o(.data)
    switch1                                  0x20000904   Data           4  app.o(.data)
    switch2                                  0x20000908   Data           4  app.o(.data)
    switch3                                  0x2000090c   Data           4  app.o(.data)
    switch4                                  0x20000910   Data           4  app.o(.data)
    readcg1                                  0x20000914   Data           6  app.o(.data)
    readcg2                                  0x2000091a   Data           6  app.o(.data)
    kz10                                     0x20000920   Data           7  app.o(.data)
    kz11                                     0x20000927   Data           7  app.o(.data)
    kz20                                     0x2000092e   Data           7  app.o(.data)
    kz21                                     0x20000935   Data           7  app.o(.data)
    kz30                                     0x2000093c   Data           7  app.o(.data)
    kz31                                     0x20000943   Data           7  app.o(.data)
    kz40                                     0x2000094a   Data           7  app.o(.data)
    kz41                                     0x20000951   Data           7  app.o(.data)
    bujincount                               0x20000958   Data           4  app.o(.data)
    zheng                                    0x2000095c   Data           4  app.o(.data)
    fan                                      0x20000960   Data           4  app.o(.data)
    rfid_kuai_addr                           0x20000964   Data           1  app.o(.data)
    rfid_data                                0x20000965   Data          16  app.o(.data)
    rfid_data1                               0x20000975   Data          16  app.o(.data)
    USERKEYINITA                             0x20000985   Data           6  app.o(.data)
    rfid                                     0x2000098c   Data           4  app.o(.data)
    wen1                                     0x20000990   Data          30  app.o(.data)
    shi1                                     0x200009ae   Data          30  app.o(.data)
    light1                                   0x200009cc   Data          30  app.o(.data)
    fenchen1                                 0x200009ea   Data          30  app.o(.data)
    liuhuaq1                                 0x20000a08   Data          30  app.o(.data)
    co21                                     0x20000a26   Data          30  app.o(.data)
    nh31                                     0x20000a44   Data          30  app.o(.data)
    weight1                                  0x20000a62   Data          30  app.o(.data)
    wen2                                     0x20000a80   Data          30  app.o(.data)
    shi2                                     0x20000a9e   Data          30  app.o(.data)
    light2                                   0x20000abc   Data          30  app.o(.data)
    fenchen2                                 0x20000ada   Data          30  app.o(.data)
    liuhuaq2                                 0x20000af8   Data          30  app.o(.data)
    co22                                     0x20000b16   Data          30  app.o(.data)
    nh32                                     0x20000b34   Data          30  app.o(.data)
    weight2                                  0x20000b52   Data          30  app.o(.data)
    wen3                                     0x20000b70   Data          30  app.o(.data)
    shi3                                     0x20000b8e   Data          30  app.o(.data)
    light3                                   0x20000bac   Data          30  app.o(.data)
    liu3                                     0x20000bca   Data          30  app.o(.data)
    sw3                                      0x20000be8   Data           5  app.o(.data)
    sw4                                      0x20000bed   Data           5  app.o(.data)
    dian3                                    0x20000bf2   Data          30  app.o(.data)
    switch_change                            0x20000c10   Data           4  app.o(.data)
    WG1                                      0x20000c14   Data         150  app.o(.data)
    head1                                    0x20000caa   Data           1  app.o(.data)
    split1                                   0x20000cab   Data           1  app.o(.data)
    end1                                     0x20000cac   Data           1  app.o(.data)
    TLINK_DATA_LINK                          0x20000cb0   Data           4  app.o(.data)
    TLINK_XLH_LINK                           0x20000cb4   Data           4  app.o(.data)
    timecount                                0x20000cb8   Data           4  app.o(.data)
    temp_ds18b20                             0x20000cbc   Data           4  app.o(.data)
    temp_linshi                              0x20000cc0   Data           4  app.o(.data)
    DHT11_Data                               0x20000cc4   Data           5  app.o(.data)
    a                                        0x20000ccc   Data           4  app.o(.data)
    ADC_buff1                                0x20000cd0   Data           1  app.o(.data)
    ADC_buff2                                0x20000cd1   Data           1  app.o(.data)
    tutemp                                   0x20000cd2   Data           2  app.o(.data)
    tuhumi                                   0x20000cd4   Data           2  app.o(.data)
    ucArray_ID                               0x20000cd6   Data           4  app.o(.data)
    ucStatusReturn                           0x20000cda   Data           1  app.o(.data)
    Flag1                                    0x20000cdc   Data           1  usart.o(.data)
    Flag2                                    0x20000cdd   Data           1  usart.o(.data)
    Flag3                                    0x20000cde   Data           1  usart.o(.data)
    RxBuffer                                 0x20000cdf   Data         100  usart.o(.data)
    RxBuffer2                                0x20000d43   Data         100  usart.o(.data)
    RxBuffer3                                0x20000da7   Data         100  usart.o(.data)
    __stdout                                 0x20000e0c   Data           4  usart.o(.data)
    RxCounter                                0x20000e10   Data           1  usart.o(.data)
    RxCounter2                               0x20000e11   Data           1  usart.o(.data)
    RxCounter3                               0x20000e12   Data           1  usart.o(.data)
    OSCtxSwCtr                               0x20000e14   Data           4  os_core.o(.data)
    OSEventFreeList                          0x20000e18   Data           4  os_core.o(.data)
    OSCPUUsage                               0x20000e1c   Data           1  os_core.o(.data)
    OSIdleCtrMax                             0x20000e20   Data           4  os_core.o(.data)
    OSIdleCtrRun                             0x20000e24   Data           4  os_core.o(.data)
    OSStatRdy                                0x20000e28   Data           1  os_core.o(.data)
    OSIntNesting                             0x20000e29   Data           1  os_core.o(.data)
    OSLockNesting                            0x20000e2a   Data           1  os_core.o(.data)
    OSPrioCur                                0x20000e2b   Data           1  os_core.o(.data)
    OSPrioHighRdy                            0x20000e2c   Data           1  os_core.o(.data)
    OSRdyGrp                                 0x20000e2d   Data           1  os_core.o(.data)
    OSRdyTbl                                 0x20000e2e   Data           4  os_core.o(.data)
    OSRunning                                0x20000e32   Data           1  os_core.o(.data)
    OSTaskCtr                                0x20000e33   Data           1  os_core.o(.data)
    OSIdleCtr                                0x20000e34   Data           4  os_core.o(.data)
    OSTCBCur                                 0x20000e38   Data           4  os_core.o(.data)
    OSTCBFreeList                            0x20000e3c   Data           4  os_core.o(.data)
    OSTCBHighRdy                             0x20000e40   Data           4  os_core.o(.data)
    OSTCBList                                0x20000e44   Data           4  os_core.o(.data)
    OSTickStepState                          0x20000e48   Data           1  os_core.o(.data)
    OSTime                                   0x20000e4c   Data           4  os_core.o(.data)
    rfid_data_buf                            0x20000f90   Data          16  app.o(.bss)
    cStr                                     0x20000fa0   Data          30  app.o(.bss)
    OSEventTbl                               0x20001600   Data         320  os_core.o(.bss)
    OSTaskStatStk                            0x20001740   Data         512  os_core.o(.bss)
    OSTaskIdleStk                            0x20001940   Data         512  os_core.o(.bss)
    OSTCBPrioTbl                             0x20001b40   Data         128  os_core.o(.bss)
    OSTCBTbl                                 0x20001bc0   Data        1440  os_core.o(.bss)
    __initial_sp                             0x20002360   Data           0  startup_stm32f10x_hd.o(STACK)



==============================================================================

Memory Map of the image

  Image Entry point : 0x08000147

  Load Region LR_1 (Base: 0x08000000, Size: 0x00006a8c, Max: 0xffffffff, ABSOLUTE, COMPRESSED[0x000060b0])

    Execution Region ER_RO (Base: 0x08000000, Size: 0x00005c3c, Max: 0xffffffff, ABSOLUTE)

    Base Addr    Size         Type   Attr      Idx    E Section Name        Object

    0x08000000   0x00000130   Data   RO            3    RESET               startup_stm32f10x_hd.o
    0x08000130   0x00000000   Code   RO          520  * .ARM.Collect$$$$00000000  mc_w.l(entry.o)
    0x08000130   0x00000004   Code   RO          800    .ARM.Collect$$$$00000001  mc_w.l(entry2.o)
    0x08000134   0x00000004   Code   RO          803    .ARM.Collect$$$$00000004  mc_w.l(entry5.o)
    0x08000138   0x00000000   Code   RO          805    .ARM.Collect$$$$00000008  mc_w.l(entry7b.o)
    0x08000138   0x00000000   Code   RO          807    .ARM.Collect$$$$0000000A  mc_w.l(entry8b.o)
    0x08000138   0x00000008   Code   RO          808    .ARM.Collect$$$$0000000B  mc_w.l(entry9a.o)
    0x08000140   0x00000000   Code   RO          810    .ARM.Collect$$$$0000000D  mc_w.l(entry10a.o)
    0x08000140   0x00000000   Code   RO          812    .ARM.Collect$$$$0000000F  mc_w.l(entry11a.o)
    0x08000140   0x00000004   Code   RO          801    .ARM.Collect$$$$00002712  mc_w.l(entry2.o)
    0x08000144   0x00000030   Code   RO            4  * .text               startup_stm32f10x_hd.o
    0x08000174   0x00000060   Code   RO           10    .text               main.o
    0x080001d4   0x0000032c   Code   RO          104    .text               stm32f10x_gpio.o
    0x08000500   0x000003a0   Code   RO          116    .text               stm32f10x_rcc.o
    0x080008a0   0x000000dc   Code   RO          130    .text               misc.o
    0x0800097c   0x00000370   Code   RO          142    .text               stm32f10x_usart.o
    0x08000cec   0x00000430   Code   RO          154    .text               stm32f10x_adc.o
    0x0800111c   0x0000023c   Code   RO          169    .text               stm32f10x_dma.o
    0x08001358   0x00000138   Code   RO          184    .text               system_stm32f10x.o
    0x08001490   0x0000009c   Code   RO          202    .text               bsp.o
    0x0800152c   0x00000114   Code   RO          220    .text               led.o
    0x08001640   0x00000044   Code   RO          232    .text               delay.o
    0x08001684   0x00000198   Code   RO          247    .text               ntctemp.o
    0x0800181c   0x00000158   Code   RO          263    .text               dht11.o
    0x08001974   0x0000002c   Code   RO          275    .text               wdg.o
    0x080019a0   0x000000c4   Code   RO          315    .text               rc522_config.o
    0x08001a64   0x000006ca   Code   RO          327    .text               rc522_function.o
    0x0800212e   0x00000002   PAD
    0x08002130   0x00001154   Code   RO          342    .text               app.o
    0x08003284   0x00000378   Code   RO          381    .text               usart.o
    0x080035fc   0x000009ac   Code   RO          406    .text               os_core.o
    0x08003fa8   0x00000828   Code   RO          468    .text               os_task.o
    0x080047d0   0x000001f8   Code   RO          480    .text               os_time.o
    0x080049c8   0x000000a4   Code   RO          498    .text               os_cpu_a.o
    0x08004a6c   0x000000ac   Code   RO          501    .text               os_cpu_c.o
    0x08004b18   0x00000024   Code   RO          523    .text               mc_w.l(memseta.o)
    0x08004b3c   0x00000024   Code   RO          525    .text               mc_w.l(strstr.o)
    0x08004b60   0x00000018   Code   RO          527    .text               mc_w.l(strncpy.o)
    0x08004b78   0x0000014e   Code   RO          790    .text               mf_w.l(dadd.o)
    0x08004cc6   0x000000de   Code   RO          792    .text               mf_w.l(ddiv.o)
    0x08004da4   0x0000001a   Code   RO          794    .text               mf_w.l(dfltui.o)
    0x08004dbe   0x00000026   Code   RO          796    .text               mf_w.l(f2d.o)
    0x08004de4   0x00000038   Code   RO          798    .text               mf_w.l(d2f.o)
    0x08004e1c   0x0000002c   Code   RO          814    .text               mc_w.l(uidiv.o)
    0x08004e48   0x00000062   Code   RO          816    .text               mc_w.l(uldiv.o)
    0x08004eaa   0x0000001e   Code   RO          818    .text               mc_w.l(llshl.o)
    0x08004ec8   0x00000024   Code   RO          820    .text               mc_w.l(llsshr.o)
    0x08004eec   0x00000000   Code   RO          822    .text               mc_w.l(iusefp.o)
    0x08004eec   0x0000006c   Code   RO          823    .text               mf_w.l(fepilogue.o)
    0x08004f58   0x000000be   Code   RO          825    .text               mf_w.l(depilogue.o)
    0x08005016   0x000000e4   Code   RO          827    .text               mf_w.l(dmul.o)
    0x080050fa   0x00000030   Code   RO          829    .text               mf_w.l(dfixul.o)
    0x0800512a   0x00000002   PAD
    0x0800512c   0x00000028   Code   RO          831    .text               mf_w.l(cdrcmple.o)
    0x08005154   0x00000024   Code   RO          833    .text               mc_w.l(init.o)
    0x08005178   0x00000020   Code   RO          835    .text               mc_w.l(llushr.o)
    0x08005198   0x0000005c   Code   RO          845    .text               mc_w.l(__dczerorl2.o)
    0x080051f4   0x00000020   Code   RO          762    i.__0printf         mc_w.l(printfa.o)
    0x08005214   0x00000028   Code   RO          764    i.__0sprintf        mc_w.l(printfa.o)
    0x0800523c   0x0000000e   Code   RO          839    i.__scatterload_copy  mc_w.l(handlers.o)
    0x0800524a   0x00000002   Code   RO          840    i.__scatterload_null  mc_w.l(handlers.o)
    0x0800524c   0x0000000e   Code   RO          841    i.__scatterload_zeroinit  mc_w.l(handlers.o)
    0x0800525a   0x00000002   PAD
    0x0800525c   0x0000015c   Code   RO          769    i._fp_digits        mc_w.l(printfa.o)
    0x080053b8   0x000006f0   Code   RO          770    i._printf_core      mc_w.l(printfa.o)
    0x08005aa8   0x00000026   Code   RO          771    i._printf_post_padding  mc_w.l(printfa.o)
    0x08005ace   0x00000030   Code   RO          772    i._printf_pre_padding  mc_w.l(printfa.o)
    0x08005afe   0x0000000a   Code   RO          774    i._sputc            mc_w.l(printfa.o)
    0x08005b08   0x00000014   Data   RO          185    .constdata          system_stm32f10x.o
    0x08005b1c   0x00000100   Data   RO          408    .constdata          os_core.o
    0x08005c1c   0x00000020   Data   RO          837    Region$$Table       anon$$obj.o


    Execution Region ER_RW (Base: 0x20000000, Size: 0x00000e50, Max: 0xffffffff, ABSOLUTE, COMPRESSED[0x00000474])

    Base Addr    Size         Type   Attr      Idx    E Section Name        Object

    0x20000000   0x00000014   Data   RW          117    .data               stm32f10x_rcc.o
    0x20000014   0x0000000c   Data   RW          249    .data               ntctemp.o
    0x20000020   0x00000cbb   Data   RW          344    .data               app.o
    0x20000cdb   0x00000001   PAD
    0x20000cdc   0x00000137   Data   RW          382    .data               usart.o
    0x20000e13   0x00000001   PAD
    0x20000e14   0x0000003c   Data   RW          409    .data               os_core.o


    Execution Region ER_ZI (Base: 0x20000e50, Size: 0x00001510, Max: 0xffffffff, ABSOLUTE)

    Base Addr    Size         Type   Attr      Idx    E Section Name        Object

    0x20000e50   0x00000140   Zero   RW           11    .bss                main.o
    0x20000f90   0x00000670   Zero   RW          343    .bss                app.o
    0x20001600   0x00000b60   Zero   RW          407    .bss                os_core.o
    0x20002160   0x00000200   Zero   RW            1    STACK               startup_stm32f10x_hd.o


==============================================================================

Image component sizes


      Code (inc. data)   RO Data    RW Data    ZI Data      Debug   Object Name

      4436        920          0       3259       1648       8049   app.o
       156         22          0          0          0       5125   bsp.o
        68          0          0          0          0        608   delay.o
       344          4          0          0          0       1571   dht11.o
       276         12          0          0          0        586   led.o
        96         10          0          0        320     236138   main.o
       220         20          0          0          0       1713   misc.o
       408         22          0         12          0       1715   ntctemp.o
      2476        240        256         60       2912      16212   os_core.o
       164         32          0          0          0        304   os_cpu_a.o
       172          0          0          0          0      10733   os_cpu_c.o
      2088         66          0          0          0       6889   os_task.o
       504         24          0          0          0       1866   os_time.o
       196          4          0          0          0        685   rc522_config.o
      1738          4          0          0          0       6748   rc522_function.o
        48         12        304          0        512        872   startup_stm32f10x_hd.o
      1072         20          0          0          0      19649   stm32f10x_adc.o
       572         16          0          0          0      13459   stm32f10x_dma.o
       812         18          0          0          0       5083   stm32f10x_gpio.o
       928         44          0         20          0       8696   stm32f10x_rcc.o
       880         12          0          0          0       7695   stm32f10x_usart.o
       312         18         20          0          0       1625   system_stm32f10x.o
       888         56          0        311          0       5443   usart.o
        44          6          0          0          0        614   wdg.o

    ----------------------------------------------------------------------
     18900       1582        612       3664       5392     362078   Object Totals
         0          0         32          0          0          0   (incl. Generated)
         2          0          0          2          0          0   (incl. Padding)

    ----------------------------------------------------------------------

      Code (inc. data)   RO Data    RW Data    ZI Data      Debug   Library Member Name

        92          0          0          0          0          0   __dczerorl2.o
         0          0          0          0          0          0   entry.o
         0          0          0          0          0          0   entry10a.o
         0          0          0          0          0          0   entry11a.o
         8          4          0          0          0          0   entry2.o
         4          0          0          0          0          0   entry5.o
         0          0          0          0          0          0   entry7b.o
         0          0          0          0          0          0   entry8b.o
         8          4          0          0          0          0   entry9a.o
        30          0          0          0          0          0   handlers.o
        36          8          0          0          0         68   init.o
         0          0          0          0          0          0   iusefp.o
        30          0          0          0          0         68   llshl.o
        36          0          0          0          0         68   llsshr.o
        32          0          0          0          0         68   llushr.o
        36          0          0          0          0        108   memseta.o
      2292         96          0          0          0        596   printfa.o
        24          0          0          0          0         76   strncpy.o
        36          0          0          0          0         80   strstr.o
        44          0          0          0          0         80   uidiv.o
        98          0          0          0          0         92   uldiv.o
        40          2          0          0          0         68   cdrcmple.o
        56          0          0          0          0         88   d2f.o
       334          0          0          0          0        148   dadd.o
       222          0          0          0          0        100   ddiv.o
       190          0          0          0          0        176   depilogue.o
        48          0          0          0          0         68   dfixul.o
        26          0          0          0          0         76   dfltui.o
       228          0          0          0          0         96   dmul.o
        38          0          0          0          0         68   f2d.o
       108          0          0          0          0        168   fepilogue.o

    ----------------------------------------------------------------------
      4100        114          0          0          0       2360   Library Totals
         4          0          0          0          0          0   (incl. Padding)

    ----------------------------------------------------------------------

      Code (inc. data)   RO Data    RW Data    ZI Data      Debug   Library Name

      2806        112          0          0          0       1304   mc_w.l
      1290          2          0          0          0       1056   mf_w.l

    ----------------------------------------------------------------------
      4100        114          0          0          0       2360   Library Totals

    ----------------------------------------------------------------------

==============================================================================


      Code (inc. data)   RO Data    RW Data    ZI Data      Debug   

     23000       1696        612       3664       5392     361058   Grand Totals
     23000       1696        612       1140       5392     361058   ELF Image Totals (compressed)
     23000       1696        612       1140          0          0   ROM Totals

==============================================================================

    Total RO  Size (Code + RO Data)                23612 (  23.06kB)
    Total RW  Size (RW Data + ZI Data)              9056 (   8.84kB)
    Total ROM Size (Code + RO Data + RW Data)      24752 (  24.17kB)

==============================================================================

